Microchip MPLAB XC8 Compiler V2.41

Linker command line:

-W-3 \
  --edf=C:\Program Files\Microchip\xc8\v2.41\pic\dat\20230208172133_en.msgs \
  -cn \
  -h+dist/default/production\Ass2_BurhanBassam_LastEdite.X.production.sym \
  --cmf=dist/default/production\Ass2_BurhanBassam_LastEdite.X.production.cmf \
  -z -Q18F4620 \
  -oC:\Users\lenovo\AppData\Local\Temp\xcAse1c.\driver_tmp_3.obj \
  -Mdist/default/production/Ass2_BurhanBassam_LastEdite.X.production.map \
  --md=C:\Users\lenovo\AppData\Local\Temp\xcAse1c.\driver_tmp_0.dat -E1 \
  -ver=XC8 Compiler -AHEAP=018Fh-0F7Fh -pheap=HEAP -ACODE=00h-0FFFFh \
  -ACONST=00h-0FFFFh -ASMALLCONST=01000h-010FFhx240 \
  -AMEDIUMCONST=01000h-0FFFFh -ACOMRAM=01h-07Fh -AABS1=00h-0F7Fh \
  -ABIGRAM=01h-0F7Fh -ARAM=080h-0FFh,0100h-01FFhx14,0F00h-0F7Fh \
  -ABANK0=080h-0FFh -ABANK1=0100h-01FFh -ABANK2=0200h-02FFh \
  -ABANK3=0300h-03FFh -ABANK4=0400h-04FFh -ABANK5=0500h-05FFh \
  -ABANK6=0600h-06FFh -ABANK7=0700h-07FFh -ABANK8=0800h-08FFh \
  -ABANK9=0900h-09FFh -ABANK10=0A00h-0AFFh -ABANK11=0B00h-0BFFh \
  -ABANK12=0C00h-0CFFh -ABANK13=0D00h-0DFFh -ABANK14=0E00h-0EFFh \
  -ABANK15=0F00h-0F7Fh -ASFR=0F80h-0FFFh -ABIGSFR=0F80h-0FFFh \
  -ACONFIG=0300000h-030000Dh -AIDLOC=0200000h-0200007h \
  -AEEDATA=0F00000h-0F003FFh -peeprom_data=EEDATA \
  -preset_vec=00h,intcode=08h,intcodelo,powerup,init -pramtop=01000h \
  -psmallconst=SMALLCONST -pmediumconst=MEDIUMCONST -pconst=CONST \
  -AFARRAM=00h-00h \
  -prdata=COMRAM,nvrram=COMRAM,nvbit=COMRAM,rbss=COMRAM,rbit=COMRAM \
  -pfarbss=FARRAM,fardata=FARRAM,nvFARRAM=FARRAM \
  -pintsave_regs=BIGRAM,bigbss=BIGRAM,bigdata=BIGRAM -pbss=RAM \
  -pidata=CODE,irdata=CODE,ibigdata=CODE,ifardata=CODE -prparam=COMRAM \
  C:\Users\lenovo\AppData\Local\Temp\xcAse1c.\driver_tmp_15.obj \
  dist/default/production\Ass2_BurhanBassam_LastEdite.X.production.obj 

Object code version is 3.11

Machine type is 18F4620



                Name                               Link     Load   Length Selector   Space Scale
C:\Users\lenovo\AppData\Local\Temp\xcAse1c.\driver_tmp_15.obj
                heap                                18F      18F      DF1      18F       7
                idloc                            200000   200000        8        0       5
                config                           300000   300000        E        0       4
                init                                  E        E        4        4       0
                reset_vec                             0        0        4        0       0
dist/default/production\Ass2_BurhanBassam_LastEdite.X.production.obj
                intcode                               8        8        6        4       0
                idloc                            200000   200000        8        0       5
                config                           300000   300000        E        0       4
                temp                                 7F       7F        1        1       1
                mediumconst                        FE94     FE94      16C     7F4A       0
                text89                             51DA     51DA       26        4       0
                text88                             4E3C     4E3C       42        4       0
                text87                             50F4     50F4       28        4       0
                text86                             533A     533A        A        4       0
                text85                             5074     5074       2E        4       0
                text84                             528E     528E       22        4       0
                text83                             4D2C     4D2C       48        4       0
                text82                             4DFA     4DFA       42        4       0
                text81                             4C3C     4C3C       56        4       0
                text80                             5248     5248       24        4       0
                text79                             3C42     3C42       EA        4       0
                text78                             45DA     45DA       74        4       0
                text77                             5224     5224       24        4       0
                text76                             4146     4146       AE        4       0
                text75                             3172     3172      1A8        4       0
                text74                             4EBE     4EBE       40        4       0
                text73                             3FC4     3FC4       D2        4       0
                text72                             4380     4380       82        4       0
                text71                             48E2     48E2       66        4       0
                text70                             4B86     4B86       5C        4       0
                text69                             51B4     51B4       26        4       0
                text68                             3A64     3A64       F4        4       0
                text67                             377C     377C       FE        4       0
                text66                             3970     3970       F4        4       0
                text65                             4F3C     4F3C       3A        4       0
                text64                             50A2     50A2       2A        4       0
                text63                             2DE4     2DE4      1E4        4       0
                text62                             52CE     52CE       1E        4       0
                text61                             42FC     42FC       84        4       0
                text60                             4730     4730       70        4       0
                text59                             2878     2878      368        4       0
                text58                             10C0     10C0     109E        4       0
                text57                             4B2A     4B2A       5C        4       0
                text56                             4A0E     4A0E       62        4       0
                text55                             49AC     49AC       62        4       0
                text54                             356A     356A      112        4       0
                text53                             52FE     52FE       12        4       0
                text52                             4402     4402       7C        4       0
                text51                             4566     4566       74        4       0
                text50                             5200     5200       24        4       0
                text49                             5330     5330        A        4       0
                text48                             3E12     3E12       DC        4       0
                text47                             5046     5046       2E        4       0
                intcode_body                       44F2     44F2       74        4       0
                text45                             5326     5326        A        4       0
                text44                             531C     531C        A        4       0
                text43                             4FAE     4FAE       36        4       0
                text42                             5310     5310        C        4       0
                text41                             5344     5344        8        4       0
                text40                             50CC     50CC       28        4       0
                text39                             4FE4     4FE4       34        4       0
                text38                             518E     518E       26        4       0
                text37                             4C92     4C92       50        4       0
                text36                             4ACE     4ACE       5C        4       0
                text35                             4096     4096       B0        4       0
                text34                             4F76     4F76       38        4       0
                text33                             3D2C     3D2C       E6        4       0
                text32                             5168     5168       26        4       0
                text31                             4E7E     4E7E       40        4       0
                text30                             4878     4878       6A        4       0
                text29                             52B0     52B0       1E        4       0
                text28                             4D74     4D74       44        4       0
                text27                             4BE2     4BE2       5A        4       0
                text26                             5142     5142       26        4       0
                text25                             3B58     3B58       EA        4       0
                text24                             447E     447E       74        4       0
                text23                             511C     511C       26        4       0
                text22                             2FC8     2FC8      1AA        4       0
                text21                             4DB8     4DB8       42        4       0
                text20                             3EEE     3EEE       D6        4       0
                text19                             4278     4278       84        4       0
                text18                             464E     464E       72        4       0
                text17                             4A70     4A70       5E        4       0
                text16                             387A     387A       F6        4       0
                text15                             367C     367C      100        4       0
                text14                             331A     331A      12A        4       0
                text13                             4EFE     4EFE       3E        4       0
                text12                             5018     5018       2E        4       0
                text11                             2BE0     2BE0      204        4       0
                text10                             526C     526C       22        4       0
                text9                              41F4     41F4       84        4       0
                text8                              46C0     46C0       70        4       0
                text7                              215E     215E      39A        4       0
                text6                                12       12     10AE        4       0
                text5                              4948     4948       64        4       0
                text4                              480C     480C       6C        4       0
                text3                              47A0     47A0       6C        4       0
                text2                              3444     3444      126        4       0
                text1                              52EC     52EC       12        4       0
                text0                              24F8     24F8      380        4       0
                cstackCOMRAM                          1        1       7C        1       1
                cstackBANK0                          80       80       3F       80       1
                cstackBANK1                         100      100       7F      100       1
                bssBANK1                            17F      17F       10      100       1
                dataBANK0                            D2       D2        4       80       1
                bssBANK0                             BF       BF       13       80       1
                bssCOMRAM                            7D       7D        2        1       1
                cinit                              4CE2     4CE2       4A        4       0
                idataBANK0                         534C     534C        4        4       0

TOTAL           Name                               Link     Load   Length     Space
        CLASS   HEAP           
                heap                                18F      18F      DF1         7

        CLASS   CODE           
                intcode                               8        8        6         0
                init                                  E        E        4         0
                reset_vec                             0        0        4         0
                text89                             51DA     51DA       26         0
                text88                             4E3C     4E3C       42         0
                text87                             50F4     50F4       28         0
                text86                             533A     533A        A         0
                text85                             5074     5074       2E         0
                text84                             528E     528E       22         0
                text83                             4D2C     4D2C       48         0
                text82                             4DFA     4DFA       42         0
                text81                             4C3C     4C3C       56         0
                text80                             5248     5248       24         0
                text79                             3C42     3C42       EA         0
                text78                             45DA     45DA       74         0
                text77                             5224     5224       24         0
                text76                             4146     4146       AE         0
                text75                             3172     3172      1A8         0
                text74                             4EBE     4EBE       40         0
                text73                             3FC4     3FC4       D2         0
                text72                             4380     4380       82         0
                text71                             48E2     48E2       66         0
                text70                             4B86     4B86       5C         0
                text69                             51B4     51B4       26         0
                text68                             3A64     3A64       F4         0
                text67                             377C     377C       FE         0
                text66                             3970     3970       F4         0
                text65                             4F3C     4F3C       3A         0
                text64                             50A2     50A2       2A         0
                text63                             2DE4     2DE4      1E4         0
                text62                             52CE     52CE       1E         0
                text61                             42FC     42FC       84         0
                text60                             4730     4730       70         0
                text59                             2878     2878      368         0
                text58                             10C0     10C0     109E         0
                text57                             4B2A     4B2A       5C         0
                text56                             4A0E     4A0E       62         0
                text55                             49AC     49AC       62         0
                text54                             356A     356A      112         0
                text53                             52FE     52FE       12         0
                text52                             4402     4402       7C         0
                text51                             4566     4566       74         0
                text50                             5200     5200       24         0
                text49                             5330     5330        A         0
                text48                             3E12     3E12       DC         0
                text47                             5046     5046       2E         0
                intcode_body                       44F2     44F2       74         0
                text45                             5326     5326        A         0
                text44                             531C     531C        A         0
                text43                             4FAE     4FAE       36         0
                text42                             5310     5310        C         0
                text41                             5344     5344        8         0
                text40                             50CC     50CC       28         0
                text39                             4FE4     4FE4       34         0
                text38                             518E     518E       26         0
                text37                             4C92     4C92       50         0
                text36                             4ACE     4ACE       5C         0
                text35                             4096     4096       B0         0
                text34                             4F76     4F76       38         0
                text33                             3D2C     3D2C       E6         0
                text32                             5168     5168       26         0
                text31                             4E7E     4E7E       40         0
                text30                             4878     4878       6A         0
                text29                             52B0     52B0       1E         0
                text28                             4D74     4D74       44         0
                text27                             4BE2     4BE2       5A         0
                text26                             5142     5142       26         0
                text25                             3B58     3B58       EA         0
                text24                             447E     447E       74         0
                text23                             511C     511C       26         0
                text22                             2FC8     2FC8      1AA         0
                text21                             4DB8     4DB8       42         0
                text20                             3EEE     3EEE       D6         0
                text19                             4278     4278       84         0
                text18                             464E     464E       72         0
                text17                             4A70     4A70       5E         0
                text16                             387A     387A       F6         0
                text15                             367C     367C      100         0
                text14                             331A     331A      12A         0
                text13                             4EFE     4EFE       3E         0
                text12                             5018     5018       2E         0
                text11                             2BE0     2BE0      204         0
                text10                             526C     526C       22         0
                text9                              41F4     41F4       84         0
                text8                              46C0     46C0       70         0
                text7                              215E     215E      39A         0
                text6                                12       12     10AE         0
                text5                              4948     4948       64         0
                text4                              480C     480C       6C         0
                text3                              47A0     47A0       6C         0
                text2                              3444     3444      126         0
                text1                              52EC     52EC       12         0
                text0                              24F8     24F8      380         0
                cinit                              4CE2     4CE2       4A         0
                idataBANK0                         534C     534C        4         0

        CLASS   CONST          

        CLASS   SMALLCONST     

        CLASS   MEDIUMCONST    
                mediumconst                        FE94     FE94      16C         0

        CLASS   COMRAM         
                temp                                 7F       7F        1         1
                cstackCOMRAM                          1        1       7C         1
                bssCOMRAM                            7D       7D        2         1

        CLASS   ABS1           

        CLASS   BIGRAM         

        CLASS   RAM            

        CLASS   BANK0          
                cstackBANK0                          80       80       3F         1
                dataBANK0                            D2       D2        4         1
                bssBANK0                             BF       BF       13         1

        CLASS   BANK1          
                cstackBANK1                         100      100       7F         1
                bssBANK1                            17F      17F       10         1

        CLASS   BANK2          

        CLASS   BANK3          

        CLASS   BANK4          

        CLASS   BANK5          

        CLASS   BANK6          

        CLASS   BANK7          

        CLASS   BANK8          

        CLASS   BANK9          

        CLASS   BANK10         

        CLASS   BANK11         

        CLASS   BANK12         

        CLASS   BANK13         

        CLASS   BANK14         

        CLASS   BANK15         

        CLASS   SFR            

        CLASS   BIGSFR         

        CLASS   CONFIG         
                config                           300000   300000        E         4

        CLASS   IDLOC          
                idloc                            200000   200000        8         5

        CLASS   EEDATA         

        CLASS   FARRAM         

        CLASS   STACK          



SEGMENTS        Name                           Load    Length   Top    Selector   Space  Class

                reset_vec                      000000  000004  000004         0       0  CODE    
                cstackCOMRAM                   000001  00007F  000080         1       1  COMRAM  
                intcode                        000008  005348  005350         4       0  CODE    
                cstackBANK0                    000080  000056  0000D6        80       1  BANK0   
                cstackBANK1                    000100  00008F  00018F       100       1  BANK1   
                heap                           00018F  000DF1  000F80       18F       7  HEAP    
                mediumconst                    00FE94  00016C  010000      7F4A       0  MEDIUMCO


UNUSED ADDRESS RANGES

        Name                Unused          Largest block    Delta
        BANK0            0000D6-0000FF               2A
        BANK1            00018F-0001FF               71
        BANK10           000A00-000AFF              100
        BANK11           000B00-000BFF              100
        BANK12           000C00-000CFF              100
        BANK13           000D00-000DFF              100
        BANK14           000E00-000EFF              100
        BANK15           000F00-000F7F               80
        BANK2            000200-0002FF              100
        BANK3            000300-0003FF              100
        BANK4            000400-0004FF              100
        BANK5            000500-0005FF              100
        BANK6            000600-0006FF              100
        BANK7            000700-0007FF              100
        BANK8            000800-0008FF              100
        BANK9            000900-0009FF              100
        BIGRAM           0000D6-0000FF               2A
                         00018F-000F7F              DF1
        BIGSFR           000F80-000FFF               80
        CODE             000004-000007                4
                         005350-00FE93             AB44
        CONST            000004-000007                4
                         005350-00FE93             AB44
        EEDATA           F00000-F003FF              400
        MEDIUMCONST      005350-00FE93             AB44
        RAM              0000D6-0000FF               2A
                         00018F-000F7F              100
        SFR              000F80-000FFF               80
        SMALLCONST       005350-00FE93              100

                                  Symbol Table

?___awdiv                          cstackBANK0  0000B0
?___awmod                          cstackBANK0  0000AA
?___awtoft                         cstackBANK0  0000B2
?___ftadd                          cstackBANK1  000115
?___ftdiv                          cstackBANK1  000109
?___ftmul                          cstackBANK0  0000B8
?___ftneg                          cstackBANK0  0000AA
?___ftpack                         cstackBANK0  0000AA
?___ftsub                          cstackBANK1  000121
?___fttol                          cstackBANK1  000110
?___lldiv                          cstackBANK0  0000AA
?___llmod                          cstackBANK0  0000B7
?___lltoft                         cstackBANK0  0000B2
?___lwtoft                         cstackCOMRAM 000009
?___wmul                           cstackBANK0  0000AA
?__div_to_l_                       cstackBANK0  0000AA
?__tdiv_to_l_                      cstackBANK0  0000AA
?_fround                           cstackBANK1  000109
?_read_adc_raw_no_lib              cstackBANK0  0000AA
?_read_adc_voltage                 cstackBANK1  000118
?_scale                            cstackBANK1  000109
?_sprintf                          cstackBANK1  000127
?i2___awdiv                        cstackCOMRAM 000007
?i2___awmod                        cstackCOMRAM 000001
?i2___ftadd                        cstackCOMRAM 00002A
?i2___ftmul                        cstackCOMRAM 00000F
?i2___ftneg                        cstackCOMRAM 000001
?i2___ftpack                       cstackCOMRAM 000001
?i2___ftsub                        cstackCOMRAM 000036
?i2___fttol                        cstackCOMRAM 00003C
?i2___lldiv                        cstackCOMRAM 000001
?i2___llmod                        cstackCOMRAM 00000E
?i2___lltoft                       cstackCOMRAM 000009
?i2___wmul                         cstackCOMRAM 000001
?i2__div_to_l_                     cstackCOMRAM 000001
?i2__tdiv_to_l_                    cstackCOMRAM 000001
?i2_fround                         cstackCOMRAM 00001E
?i2_scale                          cstackCOMRAM 00001E
?i2_sprintf                        cstackCOMRAM 00004B
Timer3_Int_Handling@error          cstackCOMRAM 00004B
_ADCON0                            (abs)        000FC2
_ADCON0bits                        (abs)        000FC2
_ADCON1                            (abs)        000FC1
_ADCON2                            (abs)        000FC0
_ADRESH                            (abs)        000FC4
_ADRESL                            (abs)        000FC3
_AN                                bssBANK0     0000BF
_Buzzer_ON                         bssBANK0     0000D0
_CCP1CON                           (abs)        000FBD
_CCPR1L                            (abs)        000FBE
_Cooking                           bssBANK1     00018B
_Cooking_Mode                      bssCOMRAM    00007D
_Cooking_Temp                      bssBANK1     000182
_Heating                           bssBANK1     000189
_Heating_Control                   text51       004566
_Hysteresis                        bssBANK1     000187
_INTCON                            (abs)        000FF2
_INTCON2                           (abs)        000FF1
_INTCON3                           (abs)        000FF0
_INTCON3bits                       (abs)        000FF0
_INTCONbits                        (abs)        000FF2
_IPR1                              (abs)        000F9F
_IPR2                              (abs)        000FA2
_Int_Heat_Counter                  bssBANK0     0000C8
_LCD_INIT_STRING                   dataBANK0    0000D2
_PIE1                              (abs)        000F9D
_PIE2                              (abs)        000FA0
_PIR1                              (abs)        000F9E
_PIR2                              (abs)        000FA1
_PIR2bits                          (abs)        000FA1
_PORTAbits                         (abs)        000F80
_PORTBbits                         (abs)        000F81
_PORTCbits                         (abs)        000F82
_PORTEbits                         (abs)        000F84
_PR2                               (abs)        000FCB
_Percent_Heat_Counter              bssBANK1     000185
_SetUp_Point                       bssBANK1     00017F
_Setting_Mode                      bssBANK1     00018D
_Start_Int_Handling                text88       004E3C
_Stop_Int_Handling                 text87       0050F4
_T0CON                             (abs)        000FD5
_T0CONbits                         (abs)        000FD5
_T3CON                             (abs)        000FB1
_T3CONbits                         (abs)        000FB1
_TMR0H                             (abs)        000FD7
_TMR0L                             (abs)        000FD6
_TMR3H                             (abs)        000FB3
_TMR3L                             (abs)        000FB2
_TRISA                             (abs)        000F92
_TRISB                             (abs)        000F93
_TRISC                             (abs)        000F94
_TRISD                             (abs)        000F95
_TRISE                             (abs)        000F96
_Timer0_Int_Handling               text52       004402
_Timer3_Int_Handling               text48       003E12
__HRAM                             (abs)        000000
__H__absolute__                    __absolute__ 000000
__Habs1                            abs1         000000
__Hbank0                           bank0        000000
__Hbank1                           bank1        000000
__Hbank10                          bank10       000000
__Hbank11                          bank11       000000
__Hbank12                          bank12       000000
__Hbank13                          bank13       000000
__Hbank14                          bank14       000000
__Hbank15                          bank15       000000
__Hbank2                           bank2        000000
__Hbank3                           bank3        000000
__Hbank4                           bank4        000000
__Hbank5                           bank5        000000
__Hbank6                           bank6        000000
__Hbank7                           bank7        000000
__Hbank8                           bank8        000000
__Hbank9                           bank9        000000
__Hbigbss                          bigbss       000000
__Hbigdata                         bigdata      000000
__Hbigram                          bigram       000000
__Hbigsfr                          bigsfr       000000
__Hbss                             bss          000000
__HbssBANK0                        bssBANK0     000000
__HbssBANK1                        bssBANK1     000000
__HbssCOMRAM                       bssCOMRAM    000000
__Hcinit                           cinit        000000
__Hclrtext                         clrtext      000000
__Hcomram                          comram       000000
__Hconfig                          config       30000E
__Hconst                           const        000000
__HcstackBANK0                     cstackBANK0  000000
__HcstackBANK1                     cstackBANK1  000000
__HcstackCOMRAM                    cstackCOMRAM 000000
__Hdata                            data         000000
__HdataBANK0                       dataBANK0    000000
__Heeprom_data                     eeprom_data  000000
__Hfarbss                          farbss       000000
__Hfardata                         fardata      000000
__Hheap                            heap         000F80
__Hibigdata                        ibigdata     000000
__Hidata                           idata        000000
__HidataBANK0                      idataBANK0   000000
__Hidloc                           idloc        200008
__Hifardata                        ifardata     000000
__Hinit                            init         000012
__Hintcode                         intcode      00000E
__Hintcode_body                    intcode_body 000000
__Hintcodelo                       intcodelo    00000E
__Hintentry                        intentry     000000
__Hintret                          intret       000000
__Hintsave_regs                    intsave_regs 000000
__Hirdata                          irdata       000000
__Hmediumconst                     mediumconst  010000
__HnvFARRAM                        nvFARRAM     000000
__Hnvbit                           nvbit        000000
__Hnvrram                          nvrram       000000
__Hparam                           rparam       000000
__Hpowerup                         powerup      00000E
__Hram                             ram          000000
__Hramtop                          ramtop       001000
__Hrbit                            rbit         000000
__Hrbss                            rbss         000000
__Hrdata                           rdata        000000
__Hreset_vec                       reset_vec    000004
__Hrparam                          rparam       000000
__Hsfr                             sfr          000000
__Hsmallconst                      smallconst   000000
__Hspace_0                         (abs)        010000
__Hspace_1                         (abs)        00018F
__Hspace_2                         (abs)        000000
__Hspace_4                         (abs)        60000E
__Hstack                           stack        000000
__Hstruct                          struct       000000
__Htemp                            temp         000080
__Htext                            text         000000
__Htext0                           text0        000000
__Htext1                           text1        000000
__Htext10                          text10       000000
__Htext11                          text11       000000
__Htext12                          text12       000000
__Htext13                          text13       000000
__Htext14                          text14       000000
__Htext15                          text15       000000
__Htext16                          text16       000000
__Htext17                          text17       000000
__Htext18                          text18       000000
__Htext19                          text19       000000
__Htext2                           text2        000000
__Htext20                          text20       000000
__Htext21                          text21       000000
__Htext22                          text22       000000
__Htext23                          text23       000000
__Htext24                          text24       000000
__Htext25                          text25       000000
__Htext26                          text26       000000
__Htext27                          text27       000000
__Htext28                          text28       000000
__Htext29                          text29       000000
__Htext3                           text3        000000
__Htext30                          text30       000000
__Htext31                          text31       000000
__Htext32                          text32       000000
__Htext33                          text33       000000
__Htext34                          text34       000000
__Htext35                          text35       000000
__Htext36                          text36       000000
__Htext37                          text37       000000
__Htext38                          text38       000000
__Htext39                          text39       000000
__Htext4                           text4        000000
__Htext40                          text40       000000
__Htext41                          text41       000000
__Htext42                          text42       000000
__Htext43                          text43       000000
__Htext44                          text44       000000
__Htext45                          text45       000000
__Htext47                          text47       000000
__Htext48                          text48       000000
__Htext49                          text49       000000
__Htext5                           text5        000000
__Htext50                          text50       000000
__Htext51                          text51       000000
__Htext52                          text52       000000
__Htext53                          text53       000000
__Htext54                          text54       000000
__Htext55                          text55       000000
__Htext56                          text56       000000
__Htext57                          text57       000000
__Htext58                          text58       000000
__Htext59                          text59       000000
__Htext6                           text6        000000
__Htext60                          text60       000000
__Htext61                          text61       000000
__Htext62                          text62       000000
__Htext63                          text63       000000
__Htext64                          text64       000000
__Htext65                          text65       000000
__Htext66                          text66       000000
__Htext67                          text67       000000
__Htext68                          text68       000000
__Htext69                          text69       000000
__Htext7                           text7        000000
__Htext70                          text70       000000
__Htext71                          text71       000000
__Htext72                          text72       000000
__Htext73                          text73       000000
__Htext74                          text74       000000
__Htext75                          text75       000000
__Htext76                          text76       000000
__Htext77                          text77       000000
__Htext78                          text78       000000
__Htext79                          text79       000000
__Htext8                           text8        000000
__Htext80                          text80       000000
__Htext81                          text81       000000
__Htext82                          text82       000000
__Htext83                          text83       000000
__Htext84                          text84       000000
__Htext85                          text85       000000
__Htext86                          text86       000000
__Htext87                          text87       000000
__Htext88                          text88       000000
__Htext89                          text89       000000
__Htext9                           text9        000000
__LRAM                             (abs)        000001
__L__absolute__                    __absolute__ 000000
__Labs1                            abs1         000000
__Lbank0                           bank0        000000
__Lbank1                           bank1        000000
__Lbank10                          bank10       000000
__Lbank11                          bank11       000000
__Lbank12                          bank12       000000
__Lbank13                          bank13       000000
__Lbank14                          bank14       000000
__Lbank15                          bank15       000000
__Lbank2                           bank2        000000
__Lbank3                           bank3        000000
__Lbank4                           bank4        000000
__Lbank5                           bank5        000000
__Lbank6                           bank6        000000
__Lbank7                           bank7        000000
__Lbank8                           bank8        000000
__Lbank9                           bank9        000000
__Lbigbss                          bigbss       000000
__Lbigdata                         bigdata      000000
__Lbigram                          bigram       000000
__Lbigsfr                          bigsfr       000000
__Lbss                             bss          000000
__LbssBANK0                        bssBANK0     000000
__LbssBANK1                        bssBANK1     000000
__LbssCOMRAM                       bssCOMRAM    000000
__Lcinit                           cinit        000000
__Lclrtext                         clrtext      000000
__Lcomram                          comram       000000
__Lconfig                          config       000000
__Lconst                           const        000000
__LcstackBANK0                     cstackBANK0  000000
__LcstackBANK1                     cstackBANK1  000000
__LcstackCOMRAM                    cstackCOMRAM 000000
__Ldata                            data         000000
__LdataBANK0                       dataBANK0    000000
__Leeprom_data                     eeprom_data  000000
__Lfarbss                          farbss       000000
__Lfardata                         fardata      000000
__Lheap                            heap         00018F
__Libigdata                        ibigdata     000000
__Lidata                           idata        000000
__LidataBANK0                      idataBANK0   000000
__Lidloc                           idloc        000000
__Lifardata                        ifardata     000000
__Linit                            init         00000E
__Lintcode                         intcode      000008
__Lintcode_body                    intcode_body 000000
__Lintcodelo                       intcodelo    00000E
__Lintentry                        intentry     000000
__Lintret                          intret       000000
__Lintsave_regs                    intsave_regs 000000
__Lirdata                          irdata       000000
__Lmediumconst                     mediumconst  00FE94
__LnvFARRAM                        nvFARRAM     000000
__Lnvbit                           nvbit        000000
__Lnvrram                          nvrram       000000
__Lparam                           rparam       000000
__Lpowerup                         powerup      00000E
__Lram                             ram          000000
__Lramtop                          ramtop       001000
__Lrbit                            rbit         000000
__Lrbss                            rbss         000000
__Lrdata                           rdata        000000
__Lreset_vec                       reset_vec    000000
__Lrparam                          rparam       000000
__Lsfr                             sfr          000000
__Lsmallconst                      smallconst   000000
__Lspace_0                         (abs)        000000
__Lspace_1                         (abs)        000000
__Lspace_2                         (abs)        000000
__Lspace_4                         (abs)        000000
__Lstack                           stack        000000
__Lstruct                          struct       000000
__Ltemp                            temp         00007F
__Ltext                            text         000000
__Ltext0                           text0        000000
__Ltext1                           text1        000000
__Ltext10                          text10       000000
__Ltext11                          text11       000000
__Ltext12                          text12       000000
__Ltext13                          text13       000000
__Ltext14                          text14       000000
__Ltext15                          text15       000000
__Ltext16                          text16       000000
__Ltext17                          text17       000000
__Ltext18                          text18       000000
__Ltext19                          text19       000000
__Ltext2                           text2        000000
__Ltext20                          text20       000000
__Ltext21                          text21       000000
__Ltext22                          text22       000000
__Ltext23                          text23       000000
__Ltext24                          text24       000000
__Ltext25                          text25       000000
__Ltext26                          text26       000000
__Ltext27                          text27       000000
__Ltext28                          text28       000000
__Ltext29                          text29       000000
__Ltext3                           text3        000000
__Ltext30                          text30       000000
__Ltext31                          text31       000000
__Ltext32                          text32       000000
__Ltext33                          text33       000000
__Ltext34                          text34       000000
__Ltext35                          text35       000000
__Ltext36                          text36       000000
__Ltext37                          text37       000000
__Ltext38                          text38       000000
__Ltext39                          text39       000000
__Ltext4                           text4        000000
__Ltext40                          text40       000000
__Ltext41                          text41       000000
__Ltext42                          text42       000000
__Ltext43                          text43       000000
__Ltext44                          text44       000000
__Ltext45                          text45       000000
__Ltext47                          text47       000000
__Ltext48                          text48       000000
__Ltext49                          text49       000000
__Ltext5                           text5        000000
__Ltext50                          text50       000000
__Ltext51                          text51       000000
__Ltext52                          text52       000000
__Ltext53                          text53       000000
__Ltext54                          text54       000000
__Ltext55                          text55       000000
__Ltext56                          text56       000000
__Ltext57                          text57       000000
__Ltext58                          text58       000000
__Ltext59                          text59       000000
__Ltext6                           text6        000000
__Ltext60                          text60       000000
__Ltext61                          text61       000000
__Ltext62                          text62       000000
__Ltext63                          text63       000000
__Ltext64                          text64       000000
__Ltext65                          text65       000000
__Ltext66                          text66       000000
__Ltext67                          text67       000000
__Ltext68                          text68       000000
__Ltext69                          text69       000000
__Ltext7                           text7        000000
__Ltext70                          text70       000000
__Ltext71                          text71       000000
__Ltext72                          text72       000000
__Ltext73                          text73       000000
__Ltext74                          text74       000000
__Ltext75                          text75       000000
__Ltext76                          text76       000000
__Ltext77                          text77       000000
__Ltext78                          text78       000000
__Ltext79                          text79       000000
__Ltext8                           text8        000000
__Ltext80                          text80       000000
__Ltext81                          text81       000000
__Ltext82                          text82       000000
__Ltext83                          text83       000000
__Ltext84                          text84       000000
__Ltext85                          text85       000000
__Ltext86                          text86       000000
__Ltext87                          text87       000000
__Ltext88                          text88       000000
__Ltext89                          text89       000000
__Ltext9                           text9        000000
__S0                               (abs)        010000
__S1                               (abs)        00018F
__S4                               (abs)        000000
__S5                               (abs)        000000
__S7                               (abs)        000F80
___awdiv                           text9        0041F4
___awdiv@counter                   cstackBANK0  0000B4
___awdiv@dividend                  cstackBANK0  0000B0
___awdiv@divisor                   cstackBANK0  0000B2
___awdiv@quotient                  cstackBANK0  0000B6
___awdiv@sign                      cstackBANK0  0000B5
___awmod                           text8        0046C0
___awmod@counter                   cstackBANK0  0000AE
___awmod@dividend                  cstackBANK0  0000AA
___awmod@divisor                   cstackBANK0  0000AC
___awmod@sign                      cstackBANK0  0000AF
___awtoft                          text34       004F76
___awtoft@c                        cstackBANK0  0000B2
___awtoft@sign                     cstackBANK0  0000B5
___ftadd                           text22       002FC8
___ftadd@exp1                      cstackBANK1  000120
___ftadd@exp2                      cstackBANK1  00011F
___ftadd@f1                        cstackBANK1  000115
___ftadd@f2                        cstackBANK1  000118
___ftadd@sign                      cstackBANK1  00011E
___ftdiv                           text33       003D2C
___ftdiv@cntr                      cstackBANK1  000112
___ftdiv@exp                       cstackBANK1  000116
___ftdiv@f1                        cstackBANK1  000109
___ftdiv@f2                        cstackBANK1  00010C
___ftdiv@f3                        cstackBANK1  000113
___ftdiv@sign                      cstackBANK1  000117
___ftge                            text24       00447E
___ftge@ff1                        cstackBANK0  0000AA
___ftge@ff2                        cstackBANK0  0000AD
___ftmul                           text14       00331A
___ftmul@cntr                      cstackBANK1  000107
___ftmul@exp                       cstackBANK1  000103
___ftmul@f1                        cstackBANK0  0000B8
___ftmul@f2                        cstackBANK0  0000BB
___ftmul@f3_as_product             cstackBANK1  000104
___ftmul@sign                      cstackBANK1  000108
___ftneg                           text23       00511C
___ftneg@f1                        cstackBANK0  0000AA
___ftpack                          text35       004096
___ftpack@arg                      cstackBANK0  0000AA
___ftpack@exp                      cstackBANK0  0000AD
___ftpack@sign                     cstackBANK0  0000AE
___ftsub                           text21       004DB8
___ftsub@f1                        cstackBANK1  000121
___ftsub@f2                        cstackBANK1  000124
___fttol                           text20       003EEE
___fttol@exp1                      cstackBANK1  00011E
___fttol@f1                        cstackBANK1  000110
___fttol@lval                      cstackBANK1  00011A
___fttol@sign1                     cstackBANK1  000119
___heap_hi                         heap         000F80
___heap_lo                         heap         00018F
___inthi_sp                        stack        000000
___intlo_sp                        stack        000000
___lbdiv                           text13       004EFE
___lbdiv@counter                   cstackBANK0  0000B0
___lbdiv@dividend                  cstackBANK0  0000AF
___lbdiv@divisor                   cstackBANK0  0000AE
___lbdiv@quotient                  cstackBANK0  0000B1
___lbmod                           text12       005018
___lbmod@counter                   cstackBANK0  0000AC
___lbmod@dividend                  cstackBANK0  0000AB
___lbmod@divisor                   cstackBANK0  0000AA
___lbmod@rem                       cstackBANK0  0000AD
___lldiv                           text19       004278
___lldiv@counter                   cstackBANK0  0000B6
___lldiv@dividend                  cstackBANK0  0000AA
___lldiv@divisor                   cstackBANK0  0000AE
___lldiv@quotient                  cstackBANK0  0000B2
___llmod                           text18       00464E
___llmod@counter                   cstackBANK1  000100
___llmod@dividend                  cstackBANK0  0000B7
___llmod@divisor                   cstackBANK0  0000BB
___lltoft                          text17       004A70
___lltoft@c                        cstackBANK0  0000B2
___lltoft@exp                      cstackBANK0  0000BA
___lwtoft                          text50       005200
___lwtoft@c                        cstackCOMRAM 000009
___param_bank                      (abs)        000000
___rparam_used                     (abs)        000001
___sp                              stack        000000
___wmul                            text32       005168
___wmul@multiplicand               cstackBANK0  0000AC
___wmul@multiplier                 cstackBANK0  0000AA
___wmul@product                    cstackBANK0  0000AE
__accesstop                        (abs)        000080
__activetblptr                     (abs)        000002
__div_to_l_                        text16       00387A
__div_to_l_@cntr                   cstackBANK0  0000B4
__div_to_l_@exp1                   cstackBANK0  0000B5
__div_to_l_@f1                     cstackBANK0  0000AA
__div_to_l_@f2                     cstackBANK0  0000AD
__div_to_l_@quot                   cstackBANK0  0000B0
__end_of_Heating_Control           text51       0045DA
__end_of_Start_Int_Handling        text88       004E7E
__end_of_Stop_Int_Handling         text87       00511C
__end_of_Timer0_Int_Handling       text52       00447E
__end_of_Timer3_Int_Handling       text48       003EEE
__end_of___awdiv                   text9        004278
__end_of___awmod                   text8        004730
__end_of___awtoft                  text34       004FAE
__end_of___ftadd                   text22       003172
__end_of___ftdiv                   text33       003E12
__end_of___ftge                    text24       0044F2
__end_of___ftmul                   text14       003444
__end_of___ftneg                   text23       005142
__end_of___ftpack                  text35       004146
__end_of___ftsub                   text21       004DFA
__end_of___fttol                   text20       003FC4
__end_of___lbdiv                   text13       004F3C
__end_of___lbmod                   text12       005046
__end_of___lldiv                   text19       0042FC
__end_of___llmod                   text18       0046C0
__end_of___lltoft                  text17       004ACE
__end_of___lwtoft                  text50       005224
__end_of___wmul                    text32       00518E
__end_of__div_to_l_                text16       003970
__end_of__initialization           cinit        004D1E
__end_of__npowers_                 mediumconst  00FF0F
__end_of__powers_                  mediumconst  00FEE8
__end_of__tdiv_to_l_               text15       00377C
__end_of_delay_cycles              text39       005018
__end_of_delay_ms                  text40       0050F4
__end_of_dpowers                   mediumconst  00FF57
__end_of_fround                    text11       002DE4
__end_of_hexpowers                 mediumconst  00FF2F
__end_of_highIsr                   intcode_body 004566
__end_of_initTimers                text43       004FE4
__end_of_init_adc_no_lib           text42       00531C
__end_of_init_pwm1                 text41       00534C
__end_of_isdigit                   text10       00528E
__end_of_lcd_gotoxy                text28       004DB8
__end_of_lcd_init                  text36       004B2A
__end_of_lcd_putc                  text27       004C3C
__end_of_lcd_puts                  text26       005168
__end_of_lcd_send_byte             text37       004CE2
__end_of_lcd_send_nibble           text38       0051B4
__end_of_main                      text0        002878
__end_of_octpowers                 mediumconst  00FEC1
__end_of_read_adc_raw_no_lib       text31       004EBE
__end_of_read_adc_voltage          text30       0048E2
__end_of_reloadTimer0              text45       005330
__end_of_reloadTimer3              text44       005326
__end_of_scale                     text7        0024F8
__end_of_set_baoundares            text25       003C42
__end_of_setting_Mode_Int_Handling text47       005074
__end_of_setupPorts                text29       0052CE
__end_of_sprintf                   text6        0010C0
__end_of_update_lcd                text1        0052FE
__end_of_update_lcd_Line1          text5        0049AC
__end_of_update_lcd_Line2          text4        004878
__end_of_update_lcd_Line3          text3        00480C
__end_of_update_lcd_Line4          text2        00356A
__end_ofi2___awdiv                 text61       004380
__end_ofi2___awmod                 text60       0047A0
__end_ofi2___ftadd                 text75       00331A
__end_ofi2___ftge                  text78       00464E
__end_ofi2___ftmul                 text66       003A64
__end_ofi2___ftneg                 text77       005248
__end_ofi2___ftpack                text76       0041F4
__end_ofi2___ftsub                 text74       004EFE
__end_ofi2___fttol                 text73       004096
__end_ofi2___lbdiv                 text65       004F76
__end_ofi2___lbmod                 text64       0050CC
__end_ofi2___lldiv                 text72       004402
__end_ofi2___llmod                 text71       004948
__end_ofi2___lltoft                text70       004BE2
__end_ofi2___wmul                  text69       0051DA
__end_ofi2__div_to_l_              text68       003B58
__end_ofi2__tdiv_to_l_             text67       00387A
__end_ofi2_delay_cycles            text85       0050A2
__end_ofi2_delay_ms                text89       005200
__end_ofi2_fround                  text63       002FC8
__end_ofi2_isdigit                 text62       0052EC
__end_ofi2_lcd_gotoxy              text82       004E3C
__end_ofi2_lcd_putc                text81       004C92
__end_ofi2_lcd_puts                text80       00526C
__end_ofi2_lcd_send_byte           text83       004D74
__end_ofi2_lcd_send_nibble         text84       0052B0
__end_ofi2_reloadTimer0            text86       005344
__end_ofi2_reloadTimer3            text49       00533A
__end_ofi2_scale                   text59       002BE0
__end_ofi2_set_baoundares          text79       003D2C
__end_ofi2_sprintf                 text58       00215E
__end_ofi2_update_lcd              text53       005310
__end_ofi2_update_lcd_Line1        text57       004B86
__end_ofi2_update_lcd_Line2        text56       004A70
__end_ofi2_update_lcd_Line3        text55       004A0E
__end_ofi2_update_lcd_Line4        text54       00367C
__initialization                   cinit        004CE2
__mediumconst                      mediumconst  00FE94
__npowers_                         mediumconst  00FEE8
__pbssBANK0                        bssBANK0     0000BF
__pbssBANK1                        bssBANK1     00017F
__pbssCOMRAM                       bssCOMRAM    00007D
__pcinit                           cinit        004CE2
__pcstackBANK0                     cstackBANK0  000080
__pcstackBANK1                     cstackBANK1  000100
__pcstackCOMRAM                    cstackCOMRAM 000001
__pdataBANK0                       dataBANK0    0000D2
__pidataBANK0                      idataBANK0   00534C
__pintcode                         intcode      000008
__pintcode_body                    intcode_body 0044F2
__pmediumconst                     mediumconst  00FE94
__powers_                          mediumconst  00FEC1
__ptext0                           text0        0024F8
__ptext1                           text1        0052EC
__ptext10                          text10       00526C
__ptext11                          text11       002BE0
__ptext12                          text12       005018
__ptext13                          text13       004EFE
__ptext14                          text14       00331A
__ptext15                          text15       00367C
__ptext16                          text16       00387A
__ptext17                          text17       004A70
__ptext18                          text18       00464E
__ptext19                          text19       004278
__ptext2                           text2        003444
__ptext20                          text20       003EEE
__ptext21                          text21       004DB8
__ptext22                          text22       002FC8
__ptext23                          text23       00511C
__ptext24                          text24       00447E
__ptext25                          text25       003B58
__ptext26                          text26       005142
__ptext27                          text27       004BE2
__ptext28                          text28       004D74
__ptext29                          text29       0052B0
__ptext3                           text3        0047A0
__ptext30                          text30       004878
__ptext31                          text31       004E7E
__ptext32                          text32       005168
__ptext33                          text33       003D2C
__ptext34                          text34       004F76
__ptext35                          text35       004096
__ptext36                          text36       004ACE
__ptext37                          text37       004C92
__ptext38                          text38       00518E
__ptext39                          text39       004FE4
__ptext4                           text4        00480C
__ptext40                          text40       0050CC
__ptext41                          text41       005344
__ptext42                          text42       005310
__ptext43                          text43       004FAE
__ptext44                          text44       00531C
__ptext45                          text45       005326
__ptext47                          text47       005046
__ptext48                          text48       003E12
__ptext49                          text49       005330
__ptext5                           text5        004948
__ptext50                          text50       005200
__ptext51                          text51       004566
__ptext52                          text52       004402
__ptext53                          text53       0052FE
__ptext54                          text54       00356A
__ptext55                          text55       0049AC
__ptext56                          text56       004A0E
__ptext57                          text57       004B2A
__ptext58                          text58       0010C0
__ptext59                          text59       002878
__ptext6                           text6        000012
__ptext60                          text60       004730
__ptext61                          text61       0042FC
__ptext62                          text62       0052CE
__ptext63                          text63       002DE4
__ptext64                          text64       0050A2
__ptext65                          text65       004F3C
__ptext66                          text66       003970
__ptext67                          text67       00377C
__ptext68                          text68       003A64
__ptext69                          text69       0051B4
__ptext7                           text7        00215E
__ptext70                          text70       004B86
__ptext71                          text71       0048E2
__ptext72                          text72       004380
__ptext73                          text73       003FC4
__ptext74                          text74       004EBE
__ptext75                          text75       003172
__ptext76                          text76       004146
__ptext77                          text77       005224
__ptext78                          text78       0045DA
__ptext79                          text79       003C42
__ptext8                           text8        0046C0
__ptext80                          text80       005248
__ptext81                          text81       004C3C
__ptext82                          text82       004DFA
__ptext83                          text83       004D2C
__ptext84                          text84       00528E
__ptext85                          text85       005074
__ptext86                          text86       00533A
__ptext87                          text87       0050F4
__ptext88                          text88       004E3C
__ptext89                          text89       0051DA
__ptext9                           text9        0041F4
__ramtop                           ramtop       001000
__smallconst                       smallconst   000000
__tdiv_to_l_                       text15       00367C
__tdiv_to_l_@cntr                  cstackBANK0  0000B7
__tdiv_to_l_@exp1                  cstackBANK0  0000B8
__tdiv_to_l_@f1                    cstackBANK0  0000AA
__tdiv_to_l_@f2                    cstackBANK0  0000AD
__tdiv_to_l_@quot                  cstackBANK0  0000B3
_count_hour                        bssBANK0     0000CA
_count_min                         bssBANK0     0000CC
_count_sec                         bssBANK0     0000CE
_delay_cycles                      text39       004FE4
_delay_ms                          text40       0050CC
_dpowers                           mediumconst  00FF2F
_fround                            text11       002BE0
_fround$1737                       cstackBANK1  000111
_fround$1738                       cstackBANK1  00010E
_hexpowers                         mediumconst  00FF0F
_highIsr                           intcode      000008
_initTimers                        text43       004FAE
_init_adc_no_lib                   text42       005310
_init_pwm1                         text41       005344
_isdigit                           text10       00526C
_isdigit$1486                      cstackBANK0  0000AB
_lcd                               (abs)        000F83
_lcd_gotoxy                        text28       004D74
_lcd_init                          text36       004ACE
_lcd_putc                          text27       004BE2
_lcd_puts                          text26       005142
_lcd_send_byte                     text37       004C92
_lcd_send_nibble                   text38       00518E
_main                              text0        0024F8
_octpowers                         mediumconst  00FE95
_read_adc_raw_no_lib               text31       004E7E
_read_adc_voltage                  text30       004878
_reloadTimer0                      text45       005326
_reloadTimer3                      text44       00531C
_scale                             text7        00215E
_scale$1739                        cstackBANK1  00010C
_set_baoundares                    text25       003B58
_setting_Mode_Int_Handling         text47       005046
_setupPorts                        text29       0052B0
_sprintf                           text6        000012
_sprintf$1025                      cstackBANK1  00013B
_sprintf$1026                      cstackBANK1  00013D
_sprintf$1027                      cstackBANK1  00013F
_sprintf$1028                      cstackBANK1  000141
_sprintf$1034                      cstackBANK1  000143
_sprintf$1740                      cstackBANK1  000137
_update_lcd                        text1        0052EC
_update_lcd_Line1                  text5        004948
_update_lcd_Line2                  text4        00480C
_update_lcd_Line3                  text3        0047A0
_update_lcd_Line4                  text2        003444
_update_lcd_Line4$1736             cstackBANK1  000163
btemp                              temp         00007F
delay_cycles@n                     cstackBANK0  0000AD
delay_cycles@x                     cstackBANK0  0000AE
delay_ms@n                         cstackBANK0  0000AA
delay_ms@x                         cstackBANK0  0000AC
end_of_initialization              cinit        004D1E
fround@prec                        cstackBANK1  000114
i2___awdiv                         text61       0042FC
i2___awdiv@counter                 cstackCOMRAM 00000B
i2___awdiv@dividend                cstackCOMRAM 000007
i2___awdiv@divisor                 cstackCOMRAM 000009
i2___awdiv@quotient                cstackCOMRAM 00000D
i2___awdiv@sign                    cstackCOMRAM 00000C
i2___awmod                         text60       004730
i2___awmod@counter                 cstackCOMRAM 000005
i2___awmod@dividend                cstackCOMRAM 000001
i2___awmod@divisor                 cstackCOMRAM 000003
i2___awmod@sign                    cstackCOMRAM 000006
i2___ftadd                         text75       003172
i2___ftadd@exp1                    cstackCOMRAM 000035
i2___ftadd@exp2                    cstackCOMRAM 000034
i2___ftadd@f1                      cstackCOMRAM 00002A
i2___ftadd@f2                      cstackCOMRAM 00002D
i2___ftadd@sign                    cstackCOMRAM 000033
i2___ftge                          text78       0045DA
i2___ftge@ff1                      cstackCOMRAM 000036
i2___ftge@ff2                      cstackCOMRAM 000039
i2___ftmul                         text66       003970
i2___ftmul@cntr                    cstackCOMRAM 00001C
i2___ftmul@exp                     cstackCOMRAM 000018
i2___ftmul@f1                      cstackCOMRAM 00000F
i2___ftmul@f2                      cstackCOMRAM 000012
i2___ftmul@f3_as_product           cstackCOMRAM 000019
i2___ftmul@sign                    cstackCOMRAM 00001D
i2___ftneg                         text77       005224
i2___ftneg@f1                      cstackCOMRAM 000001
i2___ftpack                        text76       004146
i2___ftpack@arg                    cstackCOMRAM 000001
i2___ftpack@exp                    cstackCOMRAM 000004
i2___ftpack@sign                   cstackCOMRAM 000005
i2___ftsub                         text74       004EBE
i2___ftsub@f1                      cstackCOMRAM 000036
i2___ftsub@f2                      cstackCOMRAM 000039
i2___fttol                         text73       003FC4
i2___fttol@exp1                    cstackCOMRAM 00004A
i2___fttol@f1                      cstackCOMRAM 00003C
i2___fttol@lval                    cstackCOMRAM 000046
i2___fttol@sign1                   cstackCOMRAM 000045
i2___lbdiv                         text65       004F3C
i2___lbdiv@counter                 cstackCOMRAM 000007
i2___lbdiv@dividend                cstackCOMRAM 000006
i2___lbdiv@divisor                 cstackCOMRAM 000005
i2___lbdiv@quotient                cstackCOMRAM 000008
i2___lbmod                         text64       0050A2
i2___lbmod@counter                 cstackCOMRAM 000003
i2___lbmod@dividend                cstackCOMRAM 000002
i2___lbmod@divisor                 cstackCOMRAM 000001
i2___lbmod@rem                     cstackCOMRAM 000004
i2___lldiv                         text72       004380
i2___lldiv@counter                 cstackCOMRAM 00000D
i2___lldiv@dividend                cstackCOMRAM 000001
i2___lldiv@divisor                 cstackCOMRAM 000005
i2___lldiv@quotient                cstackCOMRAM 000009
i2___llmod                         text71       0048E2
i2___llmod@counter                 cstackCOMRAM 000016
i2___llmod@dividend                cstackCOMRAM 00000E
i2___llmod@divisor                 cstackCOMRAM 000012
i2___lltoft                        text70       004B86
i2___lltoft@c                      cstackCOMRAM 000009
i2___lltoft@exp                    cstackCOMRAM 000011
i2___wmul                          text69       0051B4
i2___wmul@multiplicand             cstackCOMRAM 000003
i2___wmul@multiplier               cstackCOMRAM 000001
i2___wmul@product                  cstackCOMRAM 000005
i2__div_to_l_                      text68       003A64
i2__div_to_l_@cntr                 cstackCOMRAM 00000B
i2__div_to_l_@exp1                 cstackCOMRAM 00000C
i2__div_to_l_@f1                   cstackCOMRAM 000001
i2__div_to_l_@f2                   cstackCOMRAM 000004
i2__div_to_l_@quot                 cstackCOMRAM 000007
i2__tdiv_to_l_                     text67       00377C
i2__tdiv_to_l_@cntr                cstackCOMRAM 00000E
i2__tdiv_to_l_@exp1                cstackCOMRAM 00000F
i2__tdiv_to_l_@f1                  cstackCOMRAM 000001
i2__tdiv_to_l_@f2                  cstackCOMRAM 000004
i2__tdiv_to_l_@quot                cstackCOMRAM 00000A
i2_delay_cycles                    text85       005074
i2_delay_ms                        text89       0051DA
i2_fround                          text63       002DE4
i2_fround$2005                     cstackCOMRAM 000026
i2_fround$2006                     cstackCOMRAM 000023
i2_isdigit                         text62       0052CE
i2_isdigit$1486                    cstackCOMRAM 000002
i2_lcd_gotoxy                      text82       004DFA
i2_lcd_putc                        text81       004C3C
i2_lcd_puts                        text80       005248
i2_lcd_send_byte                   text83       004D2C
i2_lcd_send_nibble                 text84       00528E
i2_reloadTimer0                    text86       00533A
i2_reloadTimer3                    text49       005330
i2_scale                           text59       002878
i2_scale$2007                      cstackCOMRAM 000021
i2_set_baoundares                  text79       003C42
i2_sprintf                         text58       0010C0
i2_sprintf$1025                    cstackBANK0  000083
i2_sprintf$1026                    cstackBANK0  000085
i2_sprintf$1027                    cstackBANK0  000087
i2_sprintf$1028                    cstackBANK0  000089
i2_sprintf$1034                    cstackBANK0  00008B
i2_sprintf$2008                    cstackBANK0  000080
i2_update_lcd                      text53       0052FE
i2_update_lcd_Line1                text57       004B2A
i2_update_lcd_Line2                text56       004A0E
i2_update_lcd_Line3                text55       0049AC
i2_update_lcd_Line4                text54       00356A
i2_update_lcd_Line4$2004           cstackCOMRAM 00006D
i2delay_cycles@n                   cstackCOMRAM 000004
i2delay_cycles@x                   cstackCOMRAM 000005
i2delay_ms@n                       cstackCOMRAM 000001
i2delay_ms@x                       cstackCOMRAM 000003
i2fround@prec                      cstackCOMRAM 000029
i2isdigit@c                        cstackCOMRAM 000003
i2lcd_gotoxy@address               cstackCOMRAM 00000D
i2lcd_gotoxy@x                     cstackCOMRAM 00000C
i2lcd_gotoxy@y                     cstackCOMRAM 00000B
i2lcd_putc@c                       cstackCOMRAM 00000E
i2lcd_puts@s                       cstackCOMRAM 00000F
i2lcd_send_byte@cm_data            cstackCOMRAM 00000A
i2lcd_send_byte@n                  cstackCOMRAM 000009
i2lcd_send_nibble@n                cstackCOMRAM 000008
i2scale@scl                        cstackCOMRAM 000024
i2sprintf@ap                       cstackBANK0  000094
i2sprintf@c                        cstackBANK0  0000A7
i2sprintf@ccnt                     cstackBANK0  000092
i2sprintf@cp                       cstackBANK0  00008E
i2sprintf@eexp                     cstackBANK0  00009A
i2sprintf@f                        cstackCOMRAM 00004D
i2sprintf@flag                     cstackBANK0  0000A8
i2sprintf@fval                     cstackBANK0  00009C
i2sprintf@idx                      cstackBANK0  00008D
i2sprintf@len                      cstackBANK0  000090
i2sprintf@prec                     cstackBANK0  0000A5
i2sprintf@sp                       cstackCOMRAM 00004B
i2sprintf@tmpval                   cstackBANK0  000096
i2sprintf@val                      cstackBANK0  00009F
i2sprintf@width                    cstackBANK0  0000A3
i2update_lcd_Line1@Buffer          cstackCOMRAM 00005B
i2update_lcd_Line1@hh              cstackCOMRAM 00006F
i2update_lcd_Line1@mm              cstackCOMRAM 00006D
i2update_lcd_Line1@ss              cstackCOMRAM 00006B
i2update_lcd_Line2@Buffer          cstackCOMRAM 00005B
i2update_lcd_Line2@CK              cstackCOMRAM 00006E
i2update_lcd_Line2@CT              cstackCOMRAM 00006B
i2update_lcd_Line3@Buffer          cstackCOMRAM 00005B
i2update_lcd_Line3@HT              cstackCOMRAM 00006E
i2update_lcd_Line3@SP              cstackCOMRAM 00006B
i2update_lcd_Line4@Buffer          cstackCOMRAM 00005D
i2update_lcd_Line4@H               cstackCOMRAM 00006F
i2update_lcd_Line4@MD              cstackCOMRAM 000071
int$flags                          temp         00007F
int_func                           intcode_body 0044F2
intlevel0                          text         000000
intlevel1                          text         000000
intlevel2                          text         000000
intlevel3                          text         000000
isa$std                            (abs)        000001
isa$xinst                          (abs)        000000
isdigit@c                          cstackBANK0  0000AC
lcd_gotoxy@address                 cstackBANK0  0000B6
lcd_gotoxy@x                       cstackBANK0  0000B5
lcd_gotoxy@y                       cstackBANK0  0000B4
lcd_init@i                         cstackBANK0  0000B4
lcd_putc@c                         cstackBANK0  0000B7
lcd_puts@s                         cstackBANK0  0000B8
lcd_send_byte@cm_data              cstackBANK0  0000B3
lcd_send_byte@n                    cstackBANK0  0000B2
lcd_send_nibble@n                  cstackBANK0  0000B1
main@channel                       cstackBANK1  00017E
main@voltage                       cstackBANK1  00017B
read_adc_raw_no_lib@channel        cstackBANK0  0000B0
read_adc_raw_no_lib@raw_value      cstackBANK0  0000AE
read_adc_voltage@channel           cstackBANK1  00011E
read_adc_voltage@raw_value         cstackBANK1  00011F
read_adc_voltage@voltage           cstackBANK1  00011B
scale@scl                          cstackBANK1  00010F
sprintf@ap                         cstackBANK1  00014B
sprintf@c                          cstackBANK1  00015E
sprintf@ccnt                       cstackBANK1  000149
sprintf@cp                         cstackBANK1  000145
sprintf@eexp                       cstackBANK1  000151
sprintf@f                          cstackBANK1  000129
sprintf@flag                       cstackBANK1  00015F
sprintf@fval                       cstackBANK1  000153
sprintf@idx                        cstackBANK1  00013A
sprintf@len                        cstackBANK1  000147
sprintf@prec                       cstackBANK1  00015C
sprintf@sp                         cstackBANK1  000127
sprintf@tmpval                     cstackBANK1  00014D
sprintf@val                        cstackBANK1  000156
sprintf@width                      cstackBANK1  00015A
stackhi                            (abs)        000000
stacklo                            (abs)        000000
start                              init         00000E
start_initialization               cinit        004CE2
ttemp5                             temp         000080
ttemp6                             temp         000083
ttemp7                             temp         000087
update_lcd_Line1@Buffer            cstackBANK1  000167
update_lcd_Line1@hh                cstackBANK1  000165
update_lcd_Line1@mm                cstackBANK1  000163
update_lcd_Line1@ss                cstackBANK1  000161
update_lcd_Line2@Buffer            cstackBANK1  000166
update_lcd_Line2@CK                cstackBANK1  000164
update_lcd_Line2@CT                cstackBANK1  000161
update_lcd_Line3@Buffer            cstackBANK1  000166
update_lcd_Line3@HT                cstackBANK1  000164
update_lcd_Line3@SP                cstackBANK1  000161
update_lcd_Line4@Buffer            cstackBANK1  000165
update_lcd_Line4@H                 cstackBANK1  000175
update_lcd_Line4@MD                cstackBANK1  000177
wtemp8                             temp         000080


MODULE INFORMATION

Module		Function		Class		Link	Load	Size
Cooking_Main.c
		_Timer0_Int_Handling		CODE           	4402	0000	124
		_setting_Mode_Int_Handling		CODE           	5046	0000	46
		_Timer3_Int_Handling		CODE           	3E12	0000	220
		_update_lcd_Line1		CODE           	4948	0000	100
		_update_lcd_Line2		CODE           	480C	0000	108
		_Stop_Int_Handling		CODE           	50F4	0000	40
		_update_lcd_Line3		CODE           	47A0	0000	108
		_update_lcd_Line4		CODE           	3444	0000	294
		_main          		CODE           	24F8	0000	896
		_highIsr       		CODE           	0008	0000	122
		_update_lcd    		CODE           	52EC	0000	18
		_Heating_Control		CODE           	4566	0000	116
		_set_baoundares		CODE           	3B58	0000	234
		_reloadTimer0  		CODE           	5326	0000	10
		_reloadTimer3  		CODE           	531C	0000	10
		_initTimers    		CODE           	4FAE	0000	54
		_setupPorts    		CODE           	52B0	0000	30
		_Start_Int_Handling		CODE           	4E3C	0000	66

Cooking_Main.c estimated size: 2596

C:\Program Files\Microchip\xc8\v2.41\pic\sources\c90\common\ftmul.c
		___ftmul       		CODE           	331A	0000	298

C:\Program Files\Microchip\xc8\v2.41\pic\sources\c90\common\ftmul.c estimated size: 298

C:\Program Files\Microchip\xc8\v2.41\pic\sources\c90\common\ftdivl.c
		__tdiv_to_l_   		CODE           	367C	0000	256

C:\Program Files\Microchip\xc8\v2.41\pic\sources\c90\common\ftdivl.c estimated size: 256

C:\Program Files\Microchip\xc8\v2.41\pic\sources\c90\common\ftdiv.c
		___ftdiv       		CODE           	3D2C	0000	230

C:\Program Files\Microchip\xc8\v2.41\pic\sources\c90\common\ftdiv.c estimated size: 230

C:\Program Files\Microchip\xc8\v2.41\pic\sources\c90\common\Umul16.c
		___wmul        		CODE           	5168	0000	38

C:\Program Files\Microchip\xc8\v2.41\pic\sources\c90\common\Umul16.c estimated size: 38

C:\Program Files\Microchip\xc8\v2.41\pic\sources\c90\common\awdiv.c
		___awdiv       		CODE           	41F4	0000	132

C:\Program Files\Microchip\xc8\v2.41\pic\sources\c90\common\awdiv.c estimated size: 132

my_pwm.c
		_init_pwm1     		CODE           	5344	0000	8

my_pwm.c estimated size: 8

C:\Program Files\Microchip\xc8\v2.41\pic\sources\c90\common\ftge.c
		___ftge        		CODE           	447E	0000	116

C:\Program Files\Microchip\xc8\v2.41\pic\sources\c90\common\ftge.c estimated size: 116

C:\Program Files\Microchip\xc8\v2.41\pic\sources\c90\common\lbmod.c
		___lbmod       		CODE           	5018	0000	46

C:\Program Files\Microchip\xc8\v2.41\pic\sources\c90\common\lbmod.c estimated size: 46

C:\Program Files\Microchip\xc8\v2.41\pic\sources\c90\common\__lldiv.c
		___lldiv       		CODE           	4278	0000	132

C:\Program Files\Microchip\xc8\v2.41\pic\sources\c90\common\__lldiv.c estimated size: 132

my_adc.c
		_init_adc_no_lib		CODE           	5310	0000	12
		_read_adc_raw_no_lib		CODE           	4E7E	0000	64
		_read_adc_voltage		CODE           	4878	0000	106

my_adc.c estimated size: 182

C:\Program Files\Microchip\xc8\v2.41\pic\sources\c90\common\fttol.c
		___fttol       		CODE           	3EEE	0000	214

C:\Program Files\Microchip\xc8\v2.41\pic\sources\c90\common\fttol.c estimated size: 214

C:\Program Files\Microchip\xc8\v2.41\pic\sources\c90\common\isdigit.c
		_isdigit       		CODE           	526C	0000	34

C:\Program Files\Microchip\xc8\v2.41\pic\sources\c90\common\isdigit.c estimated size: 34

C:\Program Files\Microchip\xc8\v2.41\pic\sources\c90\common\ftadd.c
		___ftadd       		CODE           	2FC8	0000	426

C:\Program Files\Microchip\xc8\v2.41\pic\sources\c90\common\ftadd.c estimated size: 426

C:\Program Files\Microchip\xc8\v2.41\pic\sources\c90\common\fldivl.c
		__div_to_l_    		CODE           	387A	0000	246

C:\Program Files\Microchip\xc8\v2.41\pic\sources\c90\common\fldivl.c estimated size: 246

shared
		i2_update_lcd_Line3		CODE           	49AC	0000	98
		i2_update_lcd_Line4		CODE           	356A	0000	274
		i2___lbdiv     		CODE           	4F3C	0000	58
		i2_lcd_send_nibble		CODE           	528E	0000	34
		i2___ftneg     		CODE           	5224	0000	36
		i2___ftadd     		CODE           	3172	0000	424
		i2_delay_cycles		CODE           	5074	0000	46
		__powers_      		MEDIUMCONST    	FEC1	0000	39
		i2___fttol     		CODE           	3FC4	0000	210
		i2___lbmod     		CODE           	50A2	0000	42
		_dpowers       		MEDIUMCONST    	FF2F	0000	40
		i2___ftge      		CODE           	45DA	0000	116
		i2_isdigit     		CODE           	52CE	0000	30
		i2___awdiv     		CODE           	42FC	0000	132
		i2__tdiv_to_l_ 		CODE           	377C	0000	254
		i2___ftmul     		CODE           	3970	0000	244
		i2___wmul      		CODE           	51B4	0000	38
		i2_lcd_send_byte		CODE           	4D2C	0000	72
		i2__div_to_l_  		CODE           	3A64	0000	244
		__npowers_     		MEDIUMCONST    	FEE8	0000	39
		i2___ftpack    		CODE           	4146	0000	174
		i2_scale       		CODE           	2878	0000	872
		i2___lldiv     		CODE           	4380	0000	130
		__initialization		CODE           	4CE2	0000	60
		i2___lltoft    		CODE           	4B86	0000	92
		i2___ftsub     		CODE           	4EBE	0000	64
		_octpowers     		MEDIUMCONST    	FE95	0000	44
		i2_set_baoundares		CODE           	3C42	0000	234
		i2___awmod     		CODE           	4730	0000	112
		_hexpowers     		MEDIUMCONST    	FF0F	0000	32
		i2_lcd_gotoxy  		CODE           	4DFA	0000	66
		i2___llmod     		CODE           	48E2	0000	102
		i2_sprintf     		CODE           	10C0	0000	4254
		i2_update_lcd  		CODE           	52FE	0000	18
		i2_lcd_putc    		CODE           	4C3C	0000	86
		i2_lcd_puts    		CODE           	5248	0000	36
		i2_delay_ms    		CODE           	51DA	0000	38
		i2_fround      		CODE           	2DE4	0000	484
		i2_update_lcd_Line1		CODE           	4B2A	0000	92
		i2_reloadTimer0		CODE           	533A	0000	10
		i2_reloadTimer3		CODE           	5330	0000	10
		i2_update_lcd_Line2		CODE           	4A0E	0000	98

shared estimated size: 9578

C:\Program Files\Microchip\xc8\v2.41\pic\sources\c90\common\lbdiv.c
		___lbdiv       		CODE           	4EFE	0000	62

C:\Program Files\Microchip\xc8\v2.41\pic\sources\c90\common\lbdiv.c estimated size: 62

C:\Program Files\Microchip\xc8\v2.41\pic\sources\c90\common\awtoft.c
		___awtoft      		CODE           	4F76	0000	56

C:\Program Files\Microchip\xc8\v2.41\pic\sources\c90\common\awtoft.c estimated size: 56

C:\Program Files\Microchip\xc8\v2.41\pic\sources\c90\common\ftneg.c
		___ftneg       		CODE           	511C	0000	38

C:\Program Files\Microchip\xc8\v2.41\pic\sources\c90\common\ftneg.c estimated size: 38

C:\Program Files\Microchip\xc8\v2.41\pic\sources\c90\common\ftsub.c
		___ftsub       		CODE           	4DB8	0000	66

C:\Program Files\Microchip\xc8\v2.41\pic\sources\c90\common\ftsub.c estimated size: 66

C:\Program Files\Microchip\xc8\v2.41\pic\sources\c90\common\float.c
		___ftpack      		CODE           	4096	0000	176

C:\Program Files\Microchip\xc8\v2.41\pic\sources\c90\common\float.c estimated size: 176

lcd_x8.c
		_lcd_putc      		CODE           	4BE2	0000	90
		_lcd_puts      		CODE           	5142	0000	38
		_lcd_send_byte 		CODE           	4C92	0000	80
		_lcd_gotoxy    		CODE           	4D74	0000	68
		_lcd_send_nibble		CODE           	518E	0000	38
		_delay_ms      		CODE           	50CC	0000	40
		_lcd_init      		CODE           	4ACE	0000	92
		_delay_cycles  		CODE           	4FE4	0000	52

lcd_x8.c estimated size: 498

C:\Program Files\Microchip\xc8\v2.41\pic\sources\c90\common\doprnt.c
		_scale         		CODE           	215E	0000	922
		_sprintf       		CODE           	0012	0000	4270
		_fround        		CODE           	2BE0	0000	516

C:\Program Files\Microchip\xc8\v2.41\pic\sources\c90\common\doprnt.c estimated size: 5708

C:\Program Files\Microchip\xc8\v2.41\pic\sources\c90\common\awmod.c
		___awmod       		CODE           	46C0	0000	112

C:\Program Files\Microchip\xc8\v2.41\pic\sources\c90\common\awmod.c estimated size: 112

C:\Program Files\Microchip\xc8\v2.41\pic\sources\c90\common\lwtoft.c
		___lwtoft      		CODE           	5200	0000	36

C:\Program Files\Microchip\xc8\v2.41\pic\sources\c90\common\lwtoft.c estimated size: 36

C:\Program Files\Microchip\xc8\v2.41\pic\sources\c90\common\lltoft.c
		___lltoft      		CODE           	4A70	0000	94

C:\Program Files\Microchip\xc8\v2.41\pic\sources\c90\common\lltoft.c estimated size: 94

C:\Program Files\Microchip\xc8\v2.41\pic\sources\c90\common\llmod.c
		___llmod       		CODE           	464E	0000	114

C:\Program Files\Microchip\xc8\v2.41\pic\sources\c90\common\llmod.c estimated size: 114

