Microchip MPLAB XC8 Compiler V2.41

Linker command line:

-W-3 \
  --edf=C:\Program Files\Microchip\xc8\v2.41\pic\dat\20230208172133_en.msgs \
  -cn -h+dist/default/production\PIC_APP_Burhan_Bassam.X.production.sym \
  --cmf=dist/default/production\PIC_APP_Burhan_Bassam.X.production.cmf -z \
  -Q18F4620 -oC:\Users\lenovo\AppData\Local\Temp\xcBs6bg.1\driver_tmp_3.obj \
  -Mdist/default/production/PIC_APP_Burhan_Bassam.X.production.map \
  --md=C:\Users\lenovo\AppData\Local\Temp\xcBs6bg.1\driver_tmp_0.dat -E1 \
  -ver=XC8 Compiler -ACODE=00h-0FFFFh -ACONST=00h-0FFFFh \
  -ASMALLCONST=01000h-010FFhx240 -AMEDIUMCONST=01000h-0FFFFh \
  -ACOMRAM=01h-07Fh -AABS1=00h-0F7Fh -ABIGRAM=01h-0F7Fh \
  -ARAM=080h-0FFh,0100h-01FFhx14,0F00h-0F7Fh -ABANK0=080h-0FFh \
  -ABANK1=0100h-01FFh -ABANK2=0200h-02FFh -ABANK3=0300h-03FFh \
  -ABANK4=0400h-04FFh -ABANK5=0500h-05FFh -ABANK6=0600h-06FFh \
  -ABANK7=0700h-07FFh -ABANK8=0800h-08FFh -ABANK9=0900h-09FFh \
  -ABANK10=0A00h-0AFFh -ABANK11=0B00h-0BFFh -ABANK12=0C00h-0CFFh \
  -ABANK13=0D00h-0DFFh -ABANK14=0E00h-0EFFh -ABANK15=0F00h-0F7Fh \
  -ASFR=0F80h-0FFFh -ABIGSFR=0F80h-0FFFh -ACONFIG=0300000h-030000Dh \
  -AIDLOC=0200000h-0200007h -AEEDATA=0F00000h-0F003FFh -peeprom_data=EEDATA \
  -preset_vec=00h,intcode=08h,intcodelo,powerup,init -pramtop=01000h \
  -psmallconst=SMALLCONST -pmediumconst=MEDIUMCONST -pconst=CONST \
  -AFARRAM=00h-00h \
  -prdata=COMRAM,nvrram=COMRAM,nvbit=COMRAM,rbss=COMRAM,rbit=COMRAM \
  -pfarbss=FARRAM,fardata=FARRAM,nvFARRAM=FARRAM \
  -pintsave_regs=BIGRAM,bigbss=BIGRAM,bigdata=BIGRAM -pbss=RAM \
  -pidata=CODE,irdata=CODE,ibigdata=CODE,ifardata=CODE -prparam=COMRAM \
  C:\Users\lenovo\AppData\Local\Temp\xcBs6bg.1\driver_tmp_15.obj \
  dist/default/production\PIC_APP_Burhan_Bassam.X.production.obj 

Object code version is 3.11

Machine type is 18F4620



                Name                               Link     Load   Length Selector   Space Scale
C:\Users\lenovo\AppData\Local\Temp\xcBs6bg.1\driver_tmp_15.obj
                idloc                            200000   200000        8        0       5
                config                           300000   300000        E        0       4
                init                                  E        E        4        4       0
                reset_vec                             0        0        4        0       0
dist/default/production\PIC_APP_Burhan_Bassam.X.production.obj
                intcode                               8        8        6        4       0
                idloc                            200000   200000        8        0       5
                config                           300000   300000        E        0       4
                temp                                 7D       7D        1        1       1
                mediumconst                        FE9A     FE9A      166     7F4D       0
                text89                             4602     4602        A        4       0
                text88                             3E4A     3E4A       52        4       0
                text87                             4486     4486       26        4       0
                text86                             4294     4294       30        4       0
                text85                             434A     434A       2C        4       0
                text84                             42C4     42C4       2E        4       0
                text83                             4516     4516       22        4       0
                text82                             3F34     3F34       48        4       0
                text81                             4002     4002       42        4       0
                text80                             3DF4     3DF4       56        4       0
                text79                             44D0     44D0       24        4       0
                text78                             3938     3938       74        4       0
                text77                             44AC     44AC       24        4       0
                text76                             3214     3214       AE        4       0
                text75                             2762     2762      1A8        4       0
                text74                             40C4     40C4       40        4       0
                text73                             3094     3094       D2        4       0
                text72                             37CA     37CA       82        4       0
                text71                             3BC4     3BC4       66        4       0
                text70                             3D3E     3D3E       5C        4       0
                text69                             4460     4460       26        4       0
                text68                             2DE4     2DE4       F4        4       0
                text67                             2A08     2A08       FE        4       0
                text66                             2CF0     2CF0       F4        4       0
                text65                             41BA     41BA       3A        4       0
                text64                             4376     4376       2A        4       0
                text63                             23D6     23D6      1E4        4       0
                text62                             4578     4578       1E        4       0
                text61                             36C4     36C4       84        4       0
                text60                             3A1C     3A1C       70        4       0
                text59                             1A10     1A10      368        4       0
                text58                              B78      B78      B2C        4       0
                text57                             3534     3534       88        4       0
                text56                             3368     3368       A6        4       0
                text55                             3748     3748       82        4       0
                text54                             4260     4260       34        4       0
                text53                             3CE2     3CE2       5C        4       0
                text52                             4084     4084       40        4       0
                text51                             45C6     45C6       16        4       0
                intcode_body                       384C     384C       78        4       0
                text49                             4610     4610        2        4       0
                text48                             4558     4558       20        4       0
                text47                             45EC     45EC        C        4       0
                text46                             43A0     43A0       28        4       0
                text45                             422C     422C       34        4       0
                text44                             443A     443A       26        4       0
                text43                             3E9C     3E9C       50        4       0
                text42                             3C86     3C86       5C        4       0
                text41                             3F7C     3F7C       44        4       0
                text40                             3D9A     3D9A       5A        4       0
                text39                             4414     4414       26        4       0
                text38                             38C4     38C4       74        4       0
                text37                             43EE     43EE       26        4       0
                text36                             3166     3166       AE        4       0
                text35                             25BA     25BA      1A8        4       0
                text34                             4044     4044       40        4       0
                text33                             2FBE     2FBE       D6        4       0
                text32                             3640     3640       84        4       0
                text31                             3AF6     3AF6       68        4       0
                text30                             3C2A     3C2A       5C        4       0
                text29                             43C8     43C8       26        4       0
                text28                             2B06     2B06       F6        4       0
                text27                             290A     290A       FE        4       0
                text26                             2BFC     2BFC       F4        4       0
                text25                             417E     417E       3C        4       0
                text24                             431E     431E       2C        4       0
                text23                             21EE     21EE      1E8        4       0
                text22                             44F4     44F4       22        4       0
                text21                             35BC     35BC       84        4       0
                text20                             39AC     39AC       70        4       0
                text19                             16A4     16A4      36C        4       0
                text18                               12       12      B66        4       0
                text17                             1D78     1D78      246        4       0
                text16                             41F4     41F4       38        4       0
                text15                             2ED8     2ED8       E6        4       0
                text14                             4104     4104       3E        4       0
                text13                             3A8C     3A8C       6A        4       0
                text12                             45F8     45F8        A        4       0
                text11                             45DC     45DC       10        4       0
                text10                             42F2     42F2       2C        4       0
                text9                              4596     4596       1A        4       0
                text8                              4538     4538       20        4       0
                text7                              340E     340E       94        4       0
                text6                              32C2     32C2       A6        4       0
                text5                              34A2     34A2       92        4       0
                text4                              4142     4142       3C        4       0
                text3                              3B5E     3B5E       66        4       0
                text2                              3EEC     3EEC       48        4       0
                text1                              45B0     45B0       16        4       0
                text0                              1FBE     1FBE      230        4       0
                cstackCOMRAM                          1        1       7A        1       1
                cstackBANK0                          80       80       5B       80       1
                cstackBANK1                         100      100       4D      100       1
                bssBANK1                            14D      14D       35      100       1
                dataBANK0                            DB       DB        4       80       1
                bssBANK0                             DF       DF        1       80       1
                bssCOMRAM                            7B       7B        2        1       1
                cinit                              3FC0     3FC0       42        4       0
                idataBANK0                         460C     460C        4        4       0

TOTAL           Name                               Link     Load   Length     Space
        CLASS   CODE           
                intcode                               8        8        6         0
                init                                  E        E        4         0
                reset_vec                             0        0        4         0
                text89                             4602     4602        A         0
                text88                             3E4A     3E4A       52         0
                text87                             4486     4486       26         0
                text86                             4294     4294       30         0
                text85                             434A     434A       2C         0
                text84                             42C4     42C4       2E         0
                text83                             4516     4516       22         0
                text82                             3F34     3F34       48         0
                text81                             4002     4002       42         0
                text80                             3DF4     3DF4       56         0
                text79                             44D0     44D0       24         0
                text78                             3938     3938       74         0
                text77                             44AC     44AC       24         0
                text76                             3214     3214       AE         0
                text75                             2762     2762      1A8         0
                text74                             40C4     40C4       40         0
                text73                             3094     3094       D2         0
                text72                             37CA     37CA       82         0
                text71                             3BC4     3BC4       66         0
                text70                             3D3E     3D3E       5C         0
                text69                             4460     4460       26         0
                text68                             2DE4     2DE4       F4         0
                text67                             2A08     2A08       FE         0
                text66                             2CF0     2CF0       F4         0
                text65                             41BA     41BA       3A         0
                text64                             4376     4376       2A         0
                text63                             23D6     23D6      1E4         0
                text62                             4578     4578       1E         0
                text61                             36C4     36C4       84         0
                text60                             3A1C     3A1C       70         0
                text59                             1A10     1A10      368         0
                text58                              B78      B78      B2C         0
                text57                             3534     3534       88         0
                text56                             3368     3368       A6         0
                text55                             3748     3748       82         0
                text54                             4260     4260       34         0
                text53                             3CE2     3CE2       5C         0
                text52                             4084     4084       40         0
                text51                             45C6     45C6       16         0
                intcode_body                       384C     384C       78         0
                text49                             4610     4610        2         0
                text48                             4558     4558       20         0
                text47                             45EC     45EC        C         0
                text46                             43A0     43A0       28         0
                text45                             422C     422C       34         0
                text44                             443A     443A       26         0
                text43                             3E9C     3E9C       50         0
                text42                             3C86     3C86       5C         0
                text41                             3F7C     3F7C       44         0
                text40                             3D9A     3D9A       5A         0
                text39                             4414     4414       26         0
                text38                             38C4     38C4       74         0
                text37                             43EE     43EE       26         0
                text36                             3166     3166       AE         0
                text35                             25BA     25BA      1A8         0
                text34                             4044     4044       40         0
                text33                             2FBE     2FBE       D6         0
                text32                             3640     3640       84         0
                text31                             3AF6     3AF6       68         0
                text30                             3C2A     3C2A       5C         0
                text29                             43C8     43C8       26         0
                text28                             2B06     2B06       F6         0
                text27                             290A     290A       FE         0
                text26                             2BFC     2BFC       F4         0
                text25                             417E     417E       3C         0
                text24                             431E     431E       2C         0
                text23                             21EE     21EE      1E8         0
                text22                             44F4     44F4       22         0
                text21                             35BC     35BC       84         0
                text20                             39AC     39AC       70         0
                text19                             16A4     16A4      36C         0
                text18                               12       12      B66         0
                text17                             1D78     1D78      246         0
                text16                             41F4     41F4       38         0
                text15                             2ED8     2ED8       E6         0
                text14                             4104     4104       3E         0
                text13                             3A8C     3A8C       6A         0
                text12                             45F8     45F8        A         0
                text11                             45DC     45DC       10         0
                text10                             42F2     42F2       2C         0
                text9                              4596     4596       1A         0
                text8                              4538     4538       20         0
                text7                              340E     340E       94         0
                text6                              32C2     32C2       A6         0
                text5                              34A2     34A2       92         0
                text4                              4142     4142       3C         0
                text3                              3B5E     3B5E       66         0
                text2                              3EEC     3EEC       48         0
                text1                              45B0     45B0       16         0
                text0                              1FBE     1FBE      230         0
                cinit                              3FC0     3FC0       42         0
                idataBANK0                         460C     460C        4         0

        CLASS   CONST          

        CLASS   SMALLCONST     

        CLASS   MEDIUMCONST    
                mediumconst                        FE9A     FE9A      166         0

        CLASS   COMRAM         
                temp                                 7D       7D        1         1
                cstackCOMRAM                          1        1       7A         1
                bssCOMRAM                            7B       7B        2         1

        CLASS   ABS1           

        CLASS   BIGRAM         

        CLASS   RAM            

        CLASS   BANK0          
                cstackBANK0                          80       80       5B         1
                dataBANK0                            DB       DB        4         1
                bssBANK0                             DF       DF        1         1

        CLASS   BANK1          
                cstackBANK1                         100      100       4D         1
                bssBANK1                            14D      14D       35         1

        CLASS   BANK2          

        CLASS   BANK3          

        CLASS   BANK4          

        CLASS   BANK5          

        CLASS   BANK6          

        CLASS   BANK7          

        CLASS   BANK8          

        CLASS   BANK9          

        CLASS   BANK10         

        CLASS   BANK11         

        CLASS   BANK12         

        CLASS   BANK13         

        CLASS   BANK14         

        CLASS   BANK15         

        CLASS   SFR            

        CLASS   BIGSFR         

        CLASS   CONFIG         
                config                           300000   300000        E         4

        CLASS   IDLOC          
                idloc                            200000   200000        8         5

        CLASS   EEDATA         

        CLASS   FARRAM         

        CLASS   HEAP           

        CLASS   STACK          



SEGMENTS        Name                           Load    Length   Top    Selector   Space  Class

                reset_vec                      000000  000004  000004         0       0  CODE    
                cstackCOMRAM                   000001  00007D  00007E         1       1  COMRAM  
                intcode                        000008  00460A  004612         4       0  CODE    
                cstackBANK0                    000080  000060  0000E0        80       1  BANK0   
                cstackBANK1                    000100  000082  000182       100       1  BANK1   
                mediumconst                    00FE9A  000166  010000      7F4D       0  MEDIUMCO


UNUSED ADDRESS RANGES

        Name                Unused          Largest block    Delta
        BANK0            0000E0-0000FF               20
        BANK1            000182-0001FF               7E
        BANK10           000A00-000AFF              100
        BANK11           000B00-000BFF              100
        BANK12           000C00-000CFF              100
        BANK13           000D00-000DFF              100
        BANK14           000E00-000EFF              100
        BANK15           000F00-000F7F               80
        BANK2            000200-0002FF              100
        BANK3            000300-0003FF              100
        BANK4            000400-0004FF              100
        BANK5            000500-0005FF              100
        BANK6            000600-0006FF              100
        BANK7            000700-0007FF              100
        BANK8            000800-0008FF              100
        BANK9            000900-0009FF              100
        BIGRAM           00007E-00007F                2
                         0000E0-0000FF               20
                         000182-000F7F              DFE
        BIGSFR           000F80-000FFF               80
        CODE             000004-000007                4
                         004612-00FE99             B888
        COMRAM           00007E-00007F                2
        CONST            000004-000007                4
                         004612-00FE99             B888
        EEDATA           F00000-F003FF              400
        MEDIUMCONST      004612-00FE99             B888
        RAM              0000E0-0000FF               20
                         000182-000F7F              100
        SFR              000F80-000FFF               80
        SMALLCONST       004612-00FE99              100

                                  Symbol Table

?___awdiv                     cstackBANK0  0000A6
?___awmod                     cstackBANK0  0000A0
?___awtoft                    cstackBANK0  0000A8
?___ftadd                     cstackBANK0  0000C9
?___ftdiv                     cstackBANK0  0000AC
?___ftmul                     cstackBANK0  0000AE
?___ftneg                     cstackBANK0  0000A0
?___ftpack                    cstackBANK0  0000A0
?___ftsub                     cstackBANK0  0000D5
?___fttol                     cstackBANK0  0000C4
?___lldiv                     cstackBANK0  0000A0
?___llmod                     cstackBANK0  0000AD
?___lltoft                    cstackBANK0  0000A8
?___wmul                      cstackBANK0  0000A0
?__div_to_l_                  cstackBANK0  0000A0
?__tdiv_to_l_                 cstackBANK0  0000A0
?_fround                      cstackBANK0  0000BD
?_read_adc_raw_no_lib         cstackBANK0  0000A0
?_read_adc_voltage            cstackBANK0  0000BB
?_scale                       cstackBANK0  0000BD
?_sprintf                     cstackBANK1  000100
?i2___awdiv                   cstackCOMRAM 000007
?i2___awmod                   cstackCOMRAM 000001
?i2___ftadd                   cstackCOMRAM 00002A
?i2___ftmul                   cstackCOMRAM 00000F
?i2___ftneg                   cstackCOMRAM 000001
?i2___ftpack                  cstackCOMRAM 000001
?i2___ftsub                   cstackCOMRAM 000036
?i2___fttol                   cstackCOMRAM 000025
?i2___lldiv                   cstackCOMRAM 000001
?i2___llmod                   cstackCOMRAM 00000E
?i2___lltoft                  cstackCOMRAM 000009
?i2___wmul                    cstackCOMRAM 000001
?i2__div_to_l_                cstackCOMRAM 000001
?i2__tdiv_to_l_               cstackCOMRAM 000001
?i2_fround                    cstackCOMRAM 00001E
?i2_scale                     cstackCOMRAM 00001E
?i2_sprintf                   cstackCOMRAM 00003C
_ADCON0                       (abs)        000FC2
_ADCON0bits                   (abs)        000FC2
_ADCON1                       (abs)        000FC1
_ADCON2                       (abs)        000FC0
_ADRESH                       (abs)        000FC4
_ADRESL                       (abs)        000FC3
_AN                           bssBANK1     00016D
_BAUDCONbits                  (abs)        000FB8
_BufferSer                    bssBANK1     00014D
_Clock_Mode                   bssBANK1     00017A
_INTCON2                      (abs)        000FF1
_INTCON3                      (abs)        000FF0
_INTCON3bits                  (abs)        000FF0
_INTCONbits                   (abs)        000FF2
_LCD_INIT_STRING              dataBANK0    0000DB
_PIR1bits                     (abs)        000F9E
_PORTBbits                    (abs)        000F81
_PORTCbits                    (abs)        000F82
_PORTEbits                    (abs)        000F84
_RCREG                        (abs)        000FAE
_RCSTA                        (abs)        000FAB
_RCSTAbits                    (abs)        000FAB
_ReceivedChar                 bssBANK0     0000DF
_SPBRG                        (abs)        000FAF
_SPBRGH                       (abs)        000FB0
_Setup_Mode                   bssCOMRAM    00007B
_T0CON                        (abs)        000FD5
_T0CONbits                    (abs)        000FD5
_TMR0H                        (abs)        000FD7
_TMR0L                        (abs)        000FD6
_TRISA                        (abs)        000F92
_TRISB                        (abs)        000F93
_TRISC                        (abs)        000F94
_TRISCbits                    (abs)        000F94
_TRISD                        (abs)        000F95
_TRISE                        (abs)        000F96
_TXREG                        (abs)        000FAD
_TXSTA                        (abs)        000FAC
_TXSTAbits                    (abs)        000FAC
_Timer0_isr                   text88       003E4A
__HRAM                        (abs)        000000
__H__absolute__               __absolute__ 000000
__Habs1                       abs1         000000
__Hbank0                      bank0        000000
__Hbank1                      bank1        000000
__Hbank10                     bank10       000000
__Hbank11                     bank11       000000
__Hbank12                     bank12       000000
__Hbank13                     bank13       000000
__Hbank14                     bank14       000000
__Hbank15                     bank15       000000
__Hbank2                      bank2        000000
__Hbank3                      bank3        000000
__Hbank4                      bank4        000000
__Hbank5                      bank5        000000
__Hbank6                      bank6        000000
__Hbank7                      bank7        000000
__Hbank8                      bank8        000000
__Hbank9                      bank9        000000
__Hbigbss                     bigbss       000000
__Hbigdata                    bigdata      000000
__Hbigram                     bigram       000000
__Hbigsfr                     bigsfr       000000
__Hbss                        bss          000000
__HbssBANK0                   bssBANK0     000000
__HbssBANK1                   bssBANK1     000000
__HbssCOMRAM                  bssCOMRAM    000000
__Hcinit                      cinit        000000
__Hclrtext                    clrtext      000000
__Hcomram                     comram       000000
__Hconfig                     config       30000E
__Hconst                      const        000000
__HcstackBANK0                cstackBANK0  000000
__HcstackBANK1                cstackBANK1  000000
__HcstackCOMRAM               cstackCOMRAM 000000
__Hdata                       data         000000
__HdataBANK0                  dataBANK0    000000
__Heeprom_data                eeprom_data  000000
__Hfarbss                     farbss       000000
__Hfardata                    fardata      000000
__Hheap                       heap         000000
__Hibigdata                   ibigdata     000000
__Hidata                      idata        000000
__HidataBANK0                 idataBANK0   000000
__Hidloc                      idloc        200008
__Hifardata                   ifardata     000000
__Hinit                       init         000012
__Hintcode                    intcode      00000E
__Hintcode_body               intcode_body 000000
__Hintcodelo                  intcodelo    00000E
__Hintentry                   intentry     000000
__Hintret                     intret       000000
__Hintsave_regs               intsave_regs 000000
__Hirdata                     irdata       000000
__Hmediumconst                mediumconst  010000
__HnvFARRAM                   nvFARRAM     000000
__Hnvbit                      nvbit        000000
__Hnvrram                     nvrram       000000
__Hparam                      rparam       000000
__Hpowerup                    powerup      00000E
__Hram                        ram          000000
__Hramtop                     ramtop       001000
__Hrbit                       rbit         000000
__Hrbss                       rbss         000000
__Hrdata                      rdata        000000
__Hreset_vec                  reset_vec    000004
__Hrparam                     rparam       000000
__Hsfr                        sfr          000000
__Hsmallconst                 smallconst   000000
__Hspace_0                    (abs)        010000
__Hspace_1                    (abs)        000182
__Hspace_2                    (abs)        000000
__Hspace_4                    (abs)        60000E
__Hstack                      stack        000000
__Hstruct                     struct       000000
__Htemp                       temp         00007E
__Htext                       text         000000
__Htext0                      text0        000000
__Htext1                      text1        000000
__Htext10                     text10       000000
__Htext11                     text11       000000
__Htext12                     text12       000000
__Htext13                     text13       000000
__Htext14                     text14       000000
__Htext15                     text15       000000
__Htext16                     text16       000000
__Htext17                     text17       000000
__Htext18                     text18       000000
__Htext19                     text19       000000
__Htext2                      text2        000000
__Htext20                     text20       000000
__Htext21                     text21       000000
__Htext22                     text22       000000
__Htext23                     text23       000000
__Htext24                     text24       000000
__Htext25                     text25       000000
__Htext26                     text26       000000
__Htext27                     text27       000000
__Htext28                     text28       000000
__Htext29                     text29       000000
__Htext3                      text3        000000
__Htext30                     text30       000000
__Htext31                     text31       000000
__Htext32                     text32       000000
__Htext33                     text33       000000
__Htext34                     text34       000000
__Htext35                     text35       000000
__Htext36                     text36       000000
__Htext37                     text37       000000
__Htext38                     text38       000000
__Htext39                     text39       000000
__Htext4                      text4        000000
__Htext40                     text40       000000
__Htext41                     text41       000000
__Htext42                     text42       000000
__Htext43                     text43       000000
__Htext44                     text44       000000
__Htext45                     text45       000000
__Htext46                     text46       000000
__Htext47                     text47       000000
__Htext48                     text48       000000
__Htext49                     text49       000000
__Htext5                      text5        000000
__Htext51                     text51       000000
__Htext52                     text52       000000
__Htext53                     text53       000000
__Htext54                     text54       000000
__Htext55                     text55       000000
__Htext56                     text56       000000
__Htext57                     text57       000000
__Htext58                     text58       000000
__Htext59                     text59       000000
__Htext6                      text6        000000
__Htext60                     text60       000000
__Htext61                     text61       000000
__Htext62                     text62       000000
__Htext63                     text63       000000
__Htext64                     text64       000000
__Htext65                     text65       000000
__Htext66                     text66       000000
__Htext67                     text67       000000
__Htext68                     text68       000000
__Htext69                     text69       000000
__Htext7                      text7        000000
__Htext70                     text70       000000
__Htext71                     text71       000000
__Htext72                     text72       000000
__Htext73                     text73       000000
__Htext74                     text74       000000
__Htext75                     text75       000000
__Htext76                     text76       000000
__Htext77                     text77       000000
__Htext78                     text78       000000
__Htext79                     text79       000000
__Htext8                      text8        000000
__Htext80                     text80       000000
__Htext81                     text81       000000
__Htext82                     text82       000000
__Htext83                     text83       000000
__Htext84                     text84       000000
__Htext85                     text85       000000
__Htext86                     text86       000000
__Htext87                     text87       000000
__Htext88                     text88       000000
__Htext89                     text89       000000
__Htext9                      text9        000000
__LRAM                        (abs)        000001
__L__absolute__               __absolute__ 000000
__Labs1                       abs1         000000
__Lbank0                      bank0        000000
__Lbank1                      bank1        000000
__Lbank10                     bank10       000000
__Lbank11                     bank11       000000
__Lbank12                     bank12       000000
__Lbank13                     bank13       000000
__Lbank14                     bank14       000000
__Lbank15                     bank15       000000
__Lbank2                      bank2        000000
__Lbank3                      bank3        000000
__Lbank4                      bank4        000000
__Lbank5                      bank5        000000
__Lbank6                      bank6        000000
__Lbank7                      bank7        000000
__Lbank8                      bank8        000000
__Lbank9                      bank9        000000
__Lbigbss                     bigbss       000000
__Lbigdata                    bigdata      000000
__Lbigram                     bigram       000000
__Lbigsfr                     bigsfr       000000
__Lbss                        bss          000000
__LbssBANK0                   bssBANK0     000000
__LbssBANK1                   bssBANK1     000000
__LbssCOMRAM                  bssCOMRAM    000000
__Lcinit                      cinit        000000
__Lclrtext                    clrtext      000000
__Lcomram                     comram       000000
__Lconfig                     config       000000
__Lconst                      const        000000
__LcstackBANK0                cstackBANK0  000000
__LcstackBANK1                cstackBANK1  000000
__LcstackCOMRAM               cstackCOMRAM 000000
__Ldata                       data         000000
__LdataBANK0                  dataBANK0    000000
__Leeprom_data                eeprom_data  000000
__Lfarbss                     farbss       000000
__Lfardata                    fardata      000000
__Lheap                       heap         000000
__Libigdata                   ibigdata     000000
__Lidata                      idata        000000
__LidataBANK0                 idataBANK0   000000
__Lidloc                      idloc        000000
__Lifardata                   ifardata     000000
__Linit                       init         00000E
__Lintcode                    intcode      000008
__Lintcode_body               intcode_body 000000
__Lintcodelo                  intcodelo    00000E
__Lintentry                   intentry     000000
__Lintret                     intret       000000
__Lintsave_regs               intsave_regs 000000
__Lirdata                     irdata       000000
__Lmediumconst                mediumconst  00FE9A
__LnvFARRAM                   nvFARRAM     000000
__Lnvbit                      nvbit        000000
__Lnvrram                     nvrram       000000
__Lparam                      rparam       000000
__Lpowerup                    powerup      00000E
__Lram                        ram          000000
__Lramtop                     ramtop       001000
__Lrbit                       rbit         000000
__Lrbss                       rbss         000000
__Lrdata                      rdata        000000
__Lreset_vec                  reset_vec    000000
__Lrparam                     rparam       000000
__Lsfr                        sfr          000000
__Lsmallconst                 smallconst   000000
__Lspace_0                    (abs)        000000
__Lspace_1                    (abs)        000000
__Lspace_2                    (abs)        000000
__Lspace_4                    (abs)        000000
__Lstack                      stack        000000
__Lstruct                     struct       000000
__Ltemp                       temp         00007D
__Ltext                       text         000000
__Ltext0                      text0        000000
__Ltext1                      text1        000000
__Ltext10                     text10       000000
__Ltext11                     text11       000000
__Ltext12                     text12       000000
__Ltext13                     text13       000000
__Ltext14                     text14       000000
__Ltext15                     text15       000000
__Ltext16                     text16       000000
__Ltext17                     text17       000000
__Ltext18                     text18       000000
__Ltext19                     text19       000000
__Ltext2                      text2        000000
__Ltext20                     text20       000000
__Ltext21                     text21       000000
__Ltext22                     text22       000000
__Ltext23                     text23       000000
__Ltext24                     text24       000000
__Ltext25                     text25       000000
__Ltext26                     text26       000000
__Ltext27                     text27       000000
__Ltext28                     text28       000000
__Ltext29                     text29       000000
__Ltext3                      text3        000000
__Ltext30                     text30       000000
__Ltext31                     text31       000000
__Ltext32                     text32       000000
__Ltext33                     text33       000000
__Ltext34                     text34       000000
__Ltext35                     text35       000000
__Ltext36                     text36       000000
__Ltext37                     text37       000000
__Ltext38                     text38       000000
__Ltext39                     text39       000000
__Ltext4                      text4        000000
__Ltext40                     text40       000000
__Ltext41                     text41       000000
__Ltext42                     text42       000000
__Ltext43                     text43       000000
__Ltext44                     text44       000000
__Ltext45                     text45       000000
__Ltext46                     text46       000000
__Ltext47                     text47       000000
__Ltext48                     text48       000000
__Ltext49                     text49       000000
__Ltext5                      text5        000000
__Ltext51                     text51       000000
__Ltext52                     text52       000000
__Ltext53                     text53       000000
__Ltext54                     text54       000000
__Ltext55                     text55       000000
__Ltext56                     text56       000000
__Ltext57                     text57       000000
__Ltext58                     text58       000000
__Ltext59                     text59       000000
__Ltext6                      text6        000000
__Ltext60                     text60       000000
__Ltext61                     text61       000000
__Ltext62                     text62       000000
__Ltext63                     text63       000000
__Ltext64                     text64       000000
__Ltext65                     text65       000000
__Ltext66                     text66       000000
__Ltext67                     text67       000000
__Ltext68                     text68       000000
__Ltext69                     text69       000000
__Ltext7                      text7        000000
__Ltext70                     text70       000000
__Ltext71                     text71       000000
__Ltext72                     text72       000000
__Ltext73                     text73       000000
__Ltext74                     text74       000000
__Ltext75                     text75       000000
__Ltext76                     text76       000000
__Ltext77                     text77       000000
__Ltext78                     text78       000000
__Ltext79                     text79       000000
__Ltext8                      text8        000000
__Ltext80                     text80       000000
__Ltext81                     text81       000000
__Ltext82                     text82       000000
__Ltext83                     text83       000000
__Ltext84                     text84       000000
__Ltext85                     text85       000000
__Ltext86                     text86       000000
__Ltext87                     text87       000000
__Ltext88                     text88       000000
__Ltext89                     text89       000000
__Ltext9                      text9        000000
__S0                          (abs)        010000
__S1                          (abs)        000182
__S4                          (abs)        000000
__S5                          (abs)        000000
___awdiv                      text21       0035BC
___awdiv@counter              cstackBANK0  0000AA
___awdiv@dividend             cstackBANK0  0000A6
___awdiv@divisor              cstackBANK0  0000A8
___awdiv@quotient             cstackBANK0  0000AC
___awdiv@sign                 cstackBANK0  0000AB
___awmod                      text20       0039AC
___awmod@counter              cstackBANK0  0000A4
___awmod@dividend             cstackBANK0  0000A0
___awmod@divisor              cstackBANK0  0000A2
___awmod@sign                 cstackBANK0  0000A5
___awtoft                     text16       0041F4
___awtoft@c                   cstackBANK0  0000A8
___awtoft@sign                cstackBANK0  0000AB
___ftadd                      text35       0025BA
___ftadd@exp1                 cstackBANK0  0000D4
___ftadd@exp2                 cstackBANK0  0000D3
___ftadd@f1                   cstackBANK0  0000C9
___ftadd@f2                   cstackBANK0  0000CC
___ftadd@sign                 cstackBANK0  0000D2
___ftdiv                      text15       002ED8
___ftdiv@cntr                 cstackBANK0  0000B5
___ftdiv@exp                  cstackBANK0  0000B9
___ftdiv@f1                   cstackBANK0  0000AC
___ftdiv@f2                   cstackBANK0  0000AF
___ftdiv@f3                   cstackBANK0  0000B6
___ftdiv@sign                 cstackBANK0  0000BA
___ftge                       text38       0038C4
___ftge@ff1                   cstackBANK0  0000A0
___ftge@ff2                   cstackBANK0  0000A3
___ftmul                      text26       002BFC
___ftmul@cntr                 cstackBANK0  0000BB
___ftmul@exp                  cstackBANK0  0000B7
___ftmul@f1                   cstackBANK0  0000AE
___ftmul@f2                   cstackBANK0  0000B1
___ftmul@f3_as_product        cstackBANK0  0000B8
___ftmul@sign                 cstackBANK0  0000BC
___ftneg                      text37       0043EE
___ftneg@f1                   cstackBANK0  0000A0
___ftpack                     text36       003166
___ftpack@arg                 cstackBANK0  0000A0
___ftpack@exp                 cstackBANK0  0000A3
___ftpack@sign                cstackBANK0  0000A4
___ftsub                      text34       004044
___ftsub@f1                   cstackBANK0  0000D5
___ftsub@f2                   cstackBANK0  0000D8
___fttol                      text33       002FBE
___fttol@exp1                 cstackBANK0  0000D2
___fttol@f1                   cstackBANK0  0000C4
___fttol@lval                 cstackBANK0  0000CE
___fttol@sign1                cstackBANK0  0000CD
___heap_hi                    (abs)        000000
___heap_lo                    (abs)        000000
___inthi_sp                   stack        000000
___intlo_sp                   stack        000000
___lbdiv                      text25       00417E
___lbdiv@counter              cstackBANK0  0000A6
___lbdiv@dividend             cstackBANK0  0000A5
___lbdiv@divisor              cstackBANK0  0000A4
___lbdiv@quotient             cstackBANK0  0000A7
___lbmod                      text24       00431E
___lbmod@counter              cstackBANK0  0000A2
___lbmod@dividend             cstackBANK0  0000A1
___lbmod@divisor              cstackBANK0  0000A0
___lbmod@rem                  cstackBANK0  0000A3
___lldiv                      text32       003640
___lldiv@counter              cstackBANK0  0000AC
___lldiv@dividend             cstackBANK0  0000A0
___lldiv@divisor              cstackBANK0  0000A4
___lldiv@quotient             cstackBANK0  0000A8
___llmod                      text31       003AF6
___llmod@counter              cstackBANK0  0000B5
___llmod@dividend             cstackBANK0  0000AD
___llmod@divisor              cstackBANK0  0000B1
___lltoft                     text30       003C2A
___lltoft@c                   cstackBANK0  0000A8
___lltoft@exp                 cstackBANK0  0000B0
___param_bank                 (abs)        000000
___rparam_used                (abs)        000001
___sp                         stack        000000
___wmul                       text29       0043C8
___wmul@multiplicand          cstackBANK0  0000A2
___wmul@multiplier            cstackBANK0  0000A0
___wmul@product               cstackBANK0  0000A4
__accesstop                   (abs)        000080
__activetblptr                (abs)        000002
__div_to_l_                   text28       002B06
__div_to_l_@cntr              cstackBANK0  0000AA
__div_to_l_@exp1              cstackBANK0  0000AB
__div_to_l_@f1                cstackBANK0  0000A0
__div_to_l_@f2                cstackBANK0  0000A3
__div_to_l_@quot              cstackBANK0  0000A6
__end_of_Timer0_isr           text88       003E9C
__end_of___awdiv              text21       003640
__end_of___awmod              text20       003A1C
__end_of___awtoft             text16       00422C
__end_of___ftadd              text35       002762
__end_of___ftdiv              text15       002FBE
__end_of___ftge               text38       003938
__end_of___ftmul              text26       002CF0
__end_of___ftneg              text37       004414
__end_of___ftpack             text36       003214
__end_of___ftsub              text34       004084
__end_of___fttol              text33       003094
__end_of___lbdiv              text25       0041BA
__end_of___lbmod              text24       00434A
__end_of___lldiv              text32       0036C4
__end_of___llmod              text31       003B5E
__end_of___lltoft             text30       003C86
__end_of___wmul               text29       0043EE
__end_of__div_to_l_           text28       002BFC
__end_of__initialization      cinit        003FF4
__end_of__npowers_            mediumconst  00FEE9
__end_of__powers_             mediumconst  00FEC2
__end_of__tdiv_to_l_          text27       002A08
__end_of_delay_cycles         text45       004260
__end_of_delay_ms             text46       0043C8
__end_of_dpowers              mediumconst  00FF11
__end_of_fround               text23       0023D6
__end_of_highIsr              intcode_body 0038C4
__end_of_initMode             text49       004612
__end_of_initTimer0           text48       004578
__end_of_init_adc_no_lib      text47       0045F8
__end_of_isdigit              text22       004516
__end_of_lcd_gotoxy           text41       003FC0
__end_of_lcd_init             text42       003CE2
__end_of_lcd_putc             text40       003DF4
__end_of_lcd_puts             text39       00443A
__end_of_lcd_send_byte        text43       003EEC
__end_of_lcd_send_nibble      text44       004460
__end_of_lcd_welcome          text17       001FBE
__end_of_main                 text0        0021EE
__end_of_read_adc_raw_no_lib  text14       004142
__end_of_read_adc_voltage     text13       003AF6
__end_of_reloadTimer0         text12       004602
__end_of_scale                text19       001A10
__end_of_send_byte_no_lib     text11       0045EC
__end_of_send_string_no_lib   text10       00431E
__end_of_set_baoundares       text6        003368
__end_of_set_clock_mode       text86       0042C4
__end_of_set_setup_mode       text85       004376
__end_of_setupPorts           text9        0045B0
__end_of_setupSerial          text8        004558
__end_of_sprintf              text18       000B78
__end_of_update_lcd           text1        0045C6
__end_of_update_lcd_COOLER    text7        0034A2
__end_of_update_lcd_setup     text5        003534
__end_of_update_lcd_temp      text4        00417E
__end_of_update_lcd_timer     text3        003BC4
__end_of_updete_lcd_AN        text2        003F34
__end_ofi2___awdiv            text61       003748
__end_ofi2___awmod            text60       003A8C
__end_ofi2___ftadd            text75       00290A
__end_ofi2___ftge             text78       0039AC
__end_ofi2___ftmul            text66       002DE4
__end_ofi2___ftneg            text77       0044D0
__end_ofi2___ftpack           text76       0032C2
__end_ofi2___ftsub            text74       004104
__end_ofi2___fttol            text73       003166
__end_ofi2___lbdiv            text65       0041F4
__end_ofi2___lbmod            text64       0043A0
__end_ofi2___lldiv            text72       00384C
__end_ofi2___llmod            text71       003C2A
__end_ofi2___lltoft           text70       003D9A
__end_ofi2___wmul             text69       004486
__end_ofi2__div_to_l_         text68       002ED8
__end_ofi2__tdiv_to_l_        text67       002B06
__end_ofi2_delay_cycles       text84       0042F2
__end_ofi2_delay_ms           text87       0044AC
__end_ofi2_fround             text63       0025BA
__end_ofi2_isdigit            text62       004596
__end_ofi2_lcd_gotoxy         text81       004044
__end_ofi2_lcd_putc           text80       003E4A
__end_ofi2_lcd_puts           text79       0044F4
__end_ofi2_lcd_send_byte      text82       003F7C
__end_ofi2_lcd_send_nibble    text83       004538
__end_ofi2_reloadTimer0       text89       00460C
__end_ofi2_scale              text59       001D78
__end_ofi2_set_baoundares     text56       00340E
__end_ofi2_sprintf            text58       0016A4
__end_ofi2_update_lcd         text51       0045DC
__end_ofi2_update_lcd_COOLER  text57       0035BC
__end_ofi2_update_lcd_setup   text55       0037CA
__end_ofi2_update_lcd_temp    text54       004294
__end_ofi2_update_lcd_timer   text53       003D3E
__end_ofi2_updete_lcd_AN      text52       0040C4
__initialization              cinit        003FC0
__mediumconst                 mediumconst  00FE9A
__npowers_                    mediumconst  00FEC2
__pbssBANK0                   bssBANK0     0000DF
__pbssBANK1                   bssBANK1     00014D
__pbssCOMRAM                  bssCOMRAM    00007B
__pcinit                      cinit        003FC0
__pcstackBANK0                cstackBANK0  000080
__pcstackBANK1                cstackBANK1  000100
__pcstackCOMRAM               cstackCOMRAM 000001
__pdataBANK0                  dataBANK0    0000DB
__pidataBANK0                 idataBANK0   00460C
__pintcode                    intcode      000008
__pintcode_body               intcode_body 00384C
__pmediumconst                mediumconst  00FE9A
__powers_                     mediumconst  00FE9B
__ptext0                      text0        001FBE
__ptext1                      text1        0045B0
__ptext10                     text10       0042F2
__ptext11                     text11       0045DC
__ptext12                     text12       0045F8
__ptext13                     text13       003A8C
__ptext14                     text14       004104
__ptext15                     text15       002ED8
__ptext16                     text16       0041F4
__ptext17                     text17       001D78
__ptext18                     text18       000012
__ptext19                     text19       0016A4
__ptext2                      text2        003EEC
__ptext20                     text20       0039AC
__ptext21                     text21       0035BC
__ptext22                     text22       0044F4
__ptext23                     text23       0021EE
__ptext24                     text24       00431E
__ptext25                     text25       00417E
__ptext26                     text26       002BFC
__ptext27                     text27       00290A
__ptext28                     text28       002B06
__ptext29                     text29       0043C8
__ptext3                      text3        003B5E
__ptext30                     text30       003C2A
__ptext31                     text31       003AF6
__ptext32                     text32       003640
__ptext33                     text33       002FBE
__ptext34                     text34       004044
__ptext35                     text35       0025BA
__ptext36                     text36       003166
__ptext37                     text37       0043EE
__ptext38                     text38       0038C4
__ptext39                     text39       004414
__ptext4                      text4        004142
__ptext40                     text40       003D9A
__ptext41                     text41       003F7C
__ptext42                     text42       003C86
__ptext43                     text43       003E9C
__ptext44                     text44       00443A
__ptext45                     text45       00422C
__ptext46                     text46       0043A0
__ptext47                     text47       0045EC
__ptext48                     text48       004558
__ptext49                     text49       004610
__ptext5                      text5        0034A2
__ptext51                     text51       0045C6
__ptext52                     text52       004084
__ptext53                     text53       003CE2
__ptext54                     text54       004260
__ptext55                     text55       003748
__ptext56                     text56       003368
__ptext57                     text57       003534
__ptext58                     text58       000B78
__ptext59                     text59       001A10
__ptext6                      text6        0032C2
__ptext60                     text60       003A1C
__ptext61                     text61       0036C4
__ptext62                     text62       004578
__ptext63                     text63       0023D6
__ptext64                     text64       004376
__ptext65                     text65       0041BA
__ptext66                     text66       002CF0
__ptext67                     text67       002A08
__ptext68                     text68       002DE4
__ptext69                     text69       004460
__ptext7                      text7        00340E
__ptext70                     text70       003D3E
__ptext71                     text71       003BC4
__ptext72                     text72       0037CA
__ptext73                     text73       003094
__ptext74                     text74       0040C4
__ptext75                     text75       002762
__ptext76                     text76       003214
__ptext77                     text77       0044AC
__ptext78                     text78       003938
__ptext79                     text79       0044D0
__ptext8                      text8        004538
__ptext80                     text80       003DF4
__ptext81                     text81       004002
__ptext82                     text82       003F34
__ptext83                     text83       004516
__ptext84                     text84       0042C4
__ptext85                     text85       00434A
__ptext86                     text86       004294
__ptext87                     text87       004486
__ptext88                     text88       003E4A
__ptext89                     text89       004602
__ptext9                      text9        004596
__ramtop                      ramtop       001000
__smallconst                  smallconst   000000
__tdiv_to_l_                  text27       00290A
__tdiv_to_l_@cntr             cstackBANK0  0000AD
__tdiv_to_l_@exp1             cstackBANK0  0000AE
__tdiv_to_l_@f1               cstackBANK0  0000A0
__tdiv_to_l_@f2               cstackBANK0  0000A3
__tdiv_to_l_@quot             cstackBANK0  0000A9
_coolar                       bssBANK1     000178
_count_hour                   bssBANK1     00017C
_count_min                    bssBANK1     00017E
_count_sec                    bssBANK1     000180
_delay_cycles                 text45       00422C
_delay_ms                     text46       0043A0
_dpowers                      mediumconst  00FEE9
_fround                       text23       0021EE
_fround$1746                  cstackBANK0  0000C5
_fround$1747                  cstackBANK0  0000C2
_heater                       bssBANK1     000176
_highIsr                      intcode      000008
_initMode                     text49       004610
_initTimer0                   text48       004558
_init_adc_no_lib              text47       0045EC
_isdigit                      text22       0044F4
_isdigit$1506                 cstackBANK0  0000A1
_lcd                          (abs)        000F83
_lcd_gotoxy                   text41       003F7C
_lcd_init                     text42       003C86
_lcd_putc                     text40       003D9A
_lcd_puts                     text39       004414
_lcd_send_byte                text43       003E9C
_lcd_send_nibble              text44       00443A
_lcd_welcome                  text17       001D78
_main                         text0        001FBE
_read_adc_raw_no_lib          text14       004104
_read_adc_voltage             text13       003A8C
_reloadTimer0                 text12       0045F8
_scale                        text19       0016A4
_scale$1748                   cstackBANK0  0000C0
_send_byte_no_lib             text11       0045DC
_send_string_no_lib           text10       0042F2
_set_baoundares               text6        0032C2
_set_clock_mode               text86       004294
_set_setup_mode               text85       00434A
_setupPorts                   text9        004596
_setupSerial                  text8        004538
_sprintf                      text18       000012
_sprintf$1749                 cstackBANK1  000110
_update_lcd                   text1        0045B0
_update_lcd_COOLER            text7        00340E
_update_lcd_setup             text5        0034A2
_update_lcd_temp              text4        004142
_update_lcd_timer             text3        003B5E
_updete_lcd_AN                text2        003EEC
btemp                         temp         00007D
delay_cycles@n                cstackBANK0  0000A3
delay_cycles@x                cstackBANK0  0000A4
delay_ms@n                    cstackBANK0  0000A0
delay_ms@x                    cstackBANK0  0000A2
end_of_initialization         cinit        003FF4
fround@prec                   cstackBANK0  0000C8
i2___awdiv                    text61       0036C4
i2___awdiv@counter            cstackCOMRAM 00000B
i2___awdiv@dividend           cstackCOMRAM 000007
i2___awdiv@divisor            cstackCOMRAM 000009
i2___awdiv@quotient           cstackCOMRAM 00000D
i2___awdiv@sign               cstackCOMRAM 00000C
i2___awmod                    text60       003A1C
i2___awmod@counter            cstackCOMRAM 000005
i2___awmod@dividend           cstackCOMRAM 000001
i2___awmod@divisor            cstackCOMRAM 000003
i2___awmod@sign               cstackCOMRAM 000006
i2___ftadd                    text75       002762
i2___ftadd@exp1               cstackCOMRAM 000035
i2___ftadd@exp2               cstackCOMRAM 000034
i2___ftadd@f1                 cstackCOMRAM 00002A
i2___ftadd@f2                 cstackCOMRAM 00002D
i2___ftadd@sign               cstackCOMRAM 000033
i2___ftge                     text78       003938
i2___ftge@ff1                 cstackCOMRAM 000001
i2___ftge@ff2                 cstackCOMRAM 000004
i2___ftmul                    text66       002CF0
i2___ftmul@cntr               cstackCOMRAM 00001C
i2___ftmul@exp                cstackCOMRAM 000018
i2___ftmul@f1                 cstackCOMRAM 00000F
i2___ftmul@f2                 cstackCOMRAM 000012
i2___ftmul@f3_as_product      cstackCOMRAM 000019
i2___ftmul@sign               cstackCOMRAM 00001D
i2___ftneg                    text77       0044AC
i2___ftneg@f1                 cstackCOMRAM 000001
i2___ftpack                   text76       003214
i2___ftpack@arg               cstackCOMRAM 000001
i2___ftpack@exp               cstackCOMRAM 000004
i2___ftpack@sign              cstackCOMRAM 000005
i2___ftsub                    text74       0040C4
i2___ftsub@f1                 cstackCOMRAM 000036
i2___ftsub@f2                 cstackCOMRAM 000039
i2___fttol                    text73       003094
i2___fttol@exp1               cstackCOMRAM 000033
i2___fttol@f1                 cstackCOMRAM 000025
i2___fttol@lval               cstackCOMRAM 00002F
i2___fttol@sign1              cstackCOMRAM 00002E
i2___lbdiv                    text65       0041BA
i2___lbdiv@counter            cstackCOMRAM 000007
i2___lbdiv@dividend           cstackCOMRAM 000006
i2___lbdiv@divisor            cstackCOMRAM 000005
i2___lbdiv@quotient           cstackCOMRAM 000008
i2___lbmod                    text64       004376
i2___lbmod@counter            cstackCOMRAM 000003
i2___lbmod@dividend           cstackCOMRAM 000002
i2___lbmod@divisor            cstackCOMRAM 000001
i2___lbmod@rem                cstackCOMRAM 000004
i2___lldiv                    text72       0037CA
i2___lldiv@counter            cstackCOMRAM 00000D
i2___lldiv@dividend           cstackCOMRAM 000001
i2___lldiv@divisor            cstackCOMRAM 000005
i2___lldiv@quotient           cstackCOMRAM 000009
i2___llmod                    text71       003BC4
i2___llmod@counter            cstackCOMRAM 000016
i2___llmod@dividend           cstackCOMRAM 00000E
i2___llmod@divisor            cstackCOMRAM 000012
i2___lltoft                   text70       003D3E
i2___lltoft@c                 cstackCOMRAM 000009
i2___lltoft@exp               cstackCOMRAM 000011
i2___wmul                     text69       004460
i2___wmul@multiplicand        cstackCOMRAM 000003
i2___wmul@multiplier          cstackCOMRAM 000001
i2___wmul@product             cstackCOMRAM 000005
i2__div_to_l_                 text68       002DE4
i2__div_to_l_@cntr            cstackCOMRAM 00000B
i2__div_to_l_@exp1            cstackCOMRAM 00000C
i2__div_to_l_@f1              cstackCOMRAM 000001
i2__div_to_l_@f2              cstackCOMRAM 000004
i2__div_to_l_@quot            cstackCOMRAM 000007
i2__tdiv_to_l_                text67       002A08
i2__tdiv_to_l_@cntr           cstackCOMRAM 00000E
i2__tdiv_to_l_@exp1           cstackCOMRAM 00000F
i2__tdiv_to_l_@f1             cstackCOMRAM 000001
i2__tdiv_to_l_@f2             cstackCOMRAM 000004
i2__tdiv_to_l_@quot           cstackCOMRAM 00000A
i2_delay_cycles               text84       0042C4
i2_delay_ms                   text87       004486
i2_fround                     text63       0023D6
i2_fround$2002                cstackCOMRAM 000026
i2_fround$2003                cstackCOMRAM 000023
i2_isdigit                    text62       004578
i2_isdigit$1506               cstackCOMRAM 000002
i2_lcd_gotoxy                 text81       004002
i2_lcd_putc                   text80       003DF4
i2_lcd_puts                   text79       0044D0
i2_lcd_send_byte              text82       003F34
i2_lcd_send_nibble            text83       004516
i2_reloadTimer0               text89       004602
i2_scale                      text59       001A10
i2_scale$2004                 cstackCOMRAM 000021
i2_set_baoundares             text56       003368
i2_sprintf                    text58       000B78
i2_sprintf$2005               cstackCOMRAM 00004C
i2_update_lcd                 text51       0045C6
i2_update_lcd_COOLER          text57       003534
i2_update_lcd_setup           text55       003748
i2_update_lcd_temp            text54       004260
i2_update_lcd_timer           text53       003CE2
i2_updete_lcd_AN              text52       004084
i2delay_cycles@n              cstackCOMRAM 000004
i2delay_cycles@x              cstackCOMRAM 000005
i2delay_ms@n                  cstackCOMRAM 000001
i2delay_ms@x                  cstackCOMRAM 000003
i2fround@prec                 cstackCOMRAM 000029
i2isdigit@c                   cstackCOMRAM 000003
i2lcd_gotoxy@address          cstackCOMRAM 00000D
i2lcd_gotoxy@x                cstackCOMRAM 00000C
i2lcd_gotoxy@y                cstackCOMRAM 00000B
i2lcd_putc@c                  cstackCOMRAM 00000E
i2lcd_puts@s                  cstackCOMRAM 00000F
i2lcd_send_byte@cm_data       cstackCOMRAM 00000A
i2lcd_send_byte@n             cstackCOMRAM 000009
i2lcd_send_nibble@n           cstackCOMRAM 000008
i2scale@scl                   cstackCOMRAM 000024
i2sprintf@ap                  cstackCOMRAM 000051
i2sprintf@c                   cstackCOMRAM 000068
i2sprintf@cp                  cstackCOMRAM 00004F
i2sprintf@eexp                cstackCOMRAM 00005D
i2sprintf@f                   cstackCOMRAM 00003E
i2sprintf@flag                cstackCOMRAM 00005F
i2sprintf@fval                cstackCOMRAM 000061
i2sprintf@len                 cstackCOMRAM 000053
i2sprintf@prec                cstackCOMRAM 000066
i2sprintf@sp                  cstackCOMRAM 00003C
i2sprintf@tmpval              cstackCOMRAM 000055
i2sprintf@val                 cstackCOMRAM 000059
i2sprintf@width               cstackCOMRAM 000064
i2update_lcd_COOLER@Buffer    cstackCOMRAM 000069
i2update_lcd_COOLER@mode      cstackCOMRAM 000079
i2update_lcd_setup@Buffer     cstackBANK0  000080
i2update_lcd_setup@hh         cstackBANK0  000094
i2update_lcd_setup@mm         cstackBANK0  000092
i2update_lcd_setup@ss         cstackBANK0  000090
i2update_lcd_temp@Buffer      cstackCOMRAM 000069
i2update_lcd_timer@Buffer     cstackBANK0  000080
i2update_lcd_timer@hh         cstackBANK0  000094
i2update_lcd_timer@mm         cstackBANK0  000092
i2update_lcd_timer@ss         cstackBANK0  000090
i2updete_lcd_AN@Buffer        cstackCOMRAM 000069
int$flags                     temp         00007D
int_func                      intcode_body 00384C
intlevel0                     text         000000
intlevel1                     text         000000
intlevel2                     text         000000
intlevel3                     text         000000
isa$std                       (abs)        000001
isa$xinst                     (abs)        000000
isdigit@c                     cstackBANK0  0000A2
lcd_gotoxy@address            cstackBANK0  0000AC
lcd_gotoxy@x                  cstackBANK0  0000AB
lcd_gotoxy@y                  cstackBANK0  0000AA
lcd_init@i                    cstackBANK0  0000AA
lcd_putc@c                    cstackBANK0  0000AD
lcd_puts@s                    cstackBANK0  0000AE
lcd_send_byte@cm_data         cstackBANK0  0000A9
lcd_send_byte@n               cstackBANK0  0000A8
lcd_send_nibble@n             cstackBANK0  0000A7
lcd_welcome@Buffer            cstackBANK1  00012D
main@channel                  cstackBANK1  00014C
main@clock_mode               cstackBANK1  000145
main@setup_mode               cstackBANK1  000147
main@voltage                  cstackBANK1  000149
read_adc_raw_no_lib@channel   cstackBANK0  0000A6
read_adc_raw_no_lib@raw_value cstackBANK0  0000A4
read_adc_voltage@channel      cstackBANK0  0000C1
read_adc_voltage@raw_value    cstackBANK0  0000C2
read_adc_voltage@voltage      cstackBANK0  0000BE
scale@scl                     cstackBANK0  0000C3
send_byte_no_lib@c            cstackBANK0  0000A0
send_string_no_lib@p          cstackBANK0  0000A1
sprintf@ap                    cstackBANK1  000115
sprintf@c                     cstackBANK1  00012C
sprintf@cp                    cstackBANK1  000113
sprintf@eexp                  cstackBANK1  000121
sprintf@f                     cstackBANK1  000102
sprintf@flag                  cstackBANK1  000123
sprintf@fval                  cstackBANK1  000125
sprintf@len                   cstackBANK1  000117
sprintf@prec                  cstackBANK1  00012A
sprintf@sp                    cstackBANK1  000100
sprintf@tmpval                cstackBANK1  000119
sprintf@val                   cstackBANK1  00011D
sprintf@width                 cstackBANK1  000128
stackhi                       (abs)        000000
stacklo                       (abs)        000000
start                         init         00000E
start_initialization          cinit        003FC0
ttemp5                        temp         00007E
ttemp6                        temp         000081
ttemp7                        temp         000085
update_lcd_COOLER@Buffer      cstackBANK1  00012D
update_lcd_COOLER@mode        cstackBANK1  00013D
update_lcd_setup@Buffer       cstackBANK1  000133
update_lcd_setup@hh           cstackBANK1  000131
update_lcd_setup@mm           cstackBANK1  00012F
update_lcd_setup@ss           cstackBANK1  00012D
update_lcd_temp@Buffer        cstackBANK1  00012D
update_lcd_timer@Buffer       cstackBANK1  000133
update_lcd_timer@hh           cstackBANK1  000131
update_lcd_timer@mm           cstackBANK1  00012F
update_lcd_timer@ss           cstackBANK1  00012D
updete_lcd_AN@Buffer          cstackBANK1  00012D
wtemp8                        temp         00007E


MODULE INFORMATION

Module		Function		Class		Link	Load	Size
C:\Program Files\Microchip\xc8\v2.41\pic\sources\c90\common\ftmul.c
		___ftmul       		CODE           	2BFC	0000	244

C:\Program Files\Microchip\xc8\v2.41\pic\sources\c90\common\ftmul.c estimated size: 244

C:\Program Files\Microchip\xc8\v2.41\pic\sources\c90\common\ftdivl.c
		__tdiv_to_l_   		CODE           	290A	0000	254

C:\Program Files\Microchip\xc8\v2.41\pic\sources\c90\common\ftdivl.c estimated size: 254

C:\Program Files\Microchip\xc8\v2.41\pic\sources\c90\common\ftdiv.c
		___ftdiv       		CODE           	2ED8	0000	230

C:\Program Files\Microchip\xc8\v2.41\pic\sources\c90\common\ftdiv.c estimated size: 230

C:\Program Files\Microchip\xc8\v2.41\pic\sources\c90\common\Umul16.c
		___wmul        		CODE           	43C8	0000	38

C:\Program Files\Microchip\xc8\v2.41\pic\sources\c90\common\Umul16.c estimated size: 38

my_ser.c
		_send_byte_no_lib		CODE           	45DC	0000	16
		_setupSerial   		CODE           	4538	0000	32
		_send_string_no_lib		CODE           	42F2	0000	44

my_ser.c estimated size: 92

C:\Program Files\Microchip\xc8\v2.41\pic\sources\c90\common\awdiv.c
		___awdiv       		CODE           	35BC	0000	132

C:\Program Files\Microchip\xc8\v2.41\pic\sources\c90\common\awdiv.c estimated size: 132

C:\Program Files\Microchip\xc8\v2.41\pic\sources\c90\common\ftge.c
		___ftge        		CODE           	38C4	0000	116

C:\Program Files\Microchip\xc8\v2.41\pic\sources\c90\common\ftge.c estimated size: 116

C:\Program Files\Microchip\xc8\v2.41\pic\sources\c90\common\lbmod.c
		___lbmod       		CODE           	431E	0000	44

C:\Program Files\Microchip\xc8\v2.41\pic\sources\c90\common\lbmod.c estimated size: 44

C:\Program Files\Microchip\xc8\v2.41\pic\sources\c90\common\__lldiv.c
		___lldiv       		CODE           	3640	0000	132

C:\Program Files\Microchip\xc8\v2.41\pic\sources\c90\common\__lldiv.c estimated size: 132

my_adc.c
		_init_adc_no_lib		CODE           	45EC	0000	12
		_read_adc_raw_no_lib		CODE           	4104	0000	62
		_read_adc_voltage		CODE           	3A8C	0000	106

my_adc.c estimated size: 180

C:\Program Files\Microchip\xc8\v2.41\pic\sources\c90\common\fttol.c
		___fttol       		CODE           	2FBE	0000	214

C:\Program Files\Microchip\xc8\v2.41\pic\sources\c90\common\fttol.c estimated size: 214

C:\Program Files\Microchip\xc8\v2.41\pic\sources\c90\common\isdigit.c
		_isdigit       		CODE           	44F4	0000	34

C:\Program Files\Microchip\xc8\v2.41\pic\sources\c90\common\isdigit.c estimated size: 34

C:\Program Files\Microchip\xc8\v2.41\pic\sources\c90\common\ftadd.c
		___ftadd       		CODE           	25BA	0000	424

C:\Program Files\Microchip\xc8\v2.41\pic\sources\c90\common\ftadd.c estimated size: 424

C:\Program Files\Microchip\xc8\v2.41\pic\sources\c90\common\fldivl.c
		__div_to_l_    		CODE           	2B06	0000	246

C:\Program Files\Microchip\xc8\v2.41\pic\sources\c90\common\fldivl.c estimated size: 246

shared
		i2___lbdiv     		CODE           	41BA	0000	58
		i2_lcd_send_nibble		CODE           	4516	0000	34
		i2_update_lcd_temp		CODE           	4260	0000	52
		i2___ftneg     		CODE           	44AC	0000	36
		i2___ftadd     		CODE           	2762	0000	424
		i2_delay_cycles		CODE           	42C4	0000	46
		__powers_      		MEDIUMCONST    	FE9B	0000	39
		i2___fttol     		CODE           	3094	0000	210
		i2___lbmod     		CODE           	4376	0000	42
		_dpowers       		MEDIUMCONST    	FEE9	0000	40
		i2___ftge      		CODE           	3938	0000	116
		i2_isdigit     		CODE           	4578	0000	30
		i2___awdiv     		CODE           	36C4	0000	132
		i2__tdiv_to_l_ 		CODE           	2A08	0000	254
		i2___ftmul     		CODE           	2CF0	0000	244
		i2___wmul      		CODE           	4460	0000	38
		i2_update_lcd_COOLER		CODE           	3534	0000	136
		i2_update_lcd_timer		CODE           	3CE2	0000	92
		i2_lcd_send_byte		CODE           	3F34	0000	72
		i2__div_to_l_  		CODE           	2DE4	0000	244
		__npowers_     		MEDIUMCONST    	FEC2	0000	39
		i2___ftpack    		CODE           	3214	0000	174
		i2_scale       		CODE           	1A10	0000	872
		i2___lldiv     		CODE           	37CA	0000	130
		__initialization		CODE           	3FC0	0000	52
		i2___lltoft    		CODE           	3D3E	0000	92
		i2___ftsub     		CODE           	40C4	0000	64
		i2_updete_lcd_AN		CODE           	4084	0000	64
		i2_set_baoundares		CODE           	3368	0000	166
		i2___awmod     		CODE           	3A1C	0000	112
		i2_update_lcd_setup		CODE           	3748	0000	130
		i2_lcd_gotoxy  		CODE           	4002	0000	66
		i2___llmod     		CODE           	3BC4	0000	102
		i2_sprintf     		CODE           	0B78	0000	2860
		i2_update_lcd  		CODE           	45C6	0000	22
		i2_lcd_putc    		CODE           	3DF4	0000	86
		i2_lcd_puts    		CODE           	44D0	0000	36
		i2_delay_ms    		CODE           	4486	0000	38
		i2_fround      		CODE           	23D6	0000	484
		i2_reloadTimer0		CODE           	4602	0000	10

shared estimated size: 7938

C:\Program Files\Microchip\xc8\v2.41\pic\sources\c90\common\lbdiv.c
		___lbdiv       		CODE           	417E	0000	60

C:\Program Files\Microchip\xc8\v2.41\pic\sources\c90\common\lbdiv.c estimated size: 60

Pic_App.c
		_update_lcd_temp		CODE           	4142	0000	60
		_Timer0_isr    		CODE           	3E4A	0000	82
		_update_lcd_COOLER		CODE           	340E	0000	148
		_set_setup_mode		CODE           	434A	0000	44
		_initMode      		CODE           	4610	0000	2
		_main          		CODE           	1FBE	0000	560
		_highIsr       		CODE           	0008	0000	126
		_lcd_welcome   		CODE           	1D78	0000	582
		_update_lcd    		CODE           	45B0	0000	22
		_set_clock_mode		CODE           	4294	0000	48
		_set_baoundares		CODE           	32C2	0000	166
		_reloadTimer0  		CODE           	45F8	0000	10
		_update_lcd_timer		CODE           	3B5E	0000	102
		_initTimer0    		CODE           	4558	0000	32
		_update_lcd_setup		CODE           	34A2	0000	146
		_setupPorts    		CODE           	4596	0000	26
		_updete_lcd_AN 		CODE           	3EEC	0000	72

Pic_App.c estimated size: 2228

C:\Program Files\Microchip\xc8\v2.41\pic\sources\c90\common\awtoft.c
		___awtoft      		CODE           	41F4	0000	56

C:\Program Files\Microchip\xc8\v2.41\pic\sources\c90\common\awtoft.c estimated size: 56

C:\Program Files\Microchip\xc8\v2.41\pic\sources\c90\common\ftneg.c
		___ftneg       		CODE           	43EE	0000	38

C:\Program Files\Microchip\xc8\v2.41\pic\sources\c90\common\ftneg.c estimated size: 38

C:\Program Files\Microchip\xc8\v2.41\pic\sources\c90\common\ftsub.c
		___ftsub       		CODE           	4044	0000	64

C:\Program Files\Microchip\xc8\v2.41\pic\sources\c90\common\ftsub.c estimated size: 64

C:\Program Files\Microchip\xc8\v2.41\pic\sources\c90\common\float.c
		___ftpack      		CODE           	3166	0000	174

C:\Program Files\Microchip\xc8\v2.41\pic\sources\c90\common\float.c estimated size: 174

lcd_x8.c
		_lcd_putc      		CODE           	3D9A	0000	90
		_lcd_puts      		CODE           	4414	0000	38
		_lcd_send_byte 		CODE           	3E9C	0000	80
		_lcd_gotoxy    		CODE           	3F7C	0000	68
		_lcd_send_nibble		CODE           	443A	0000	38
		_delay_ms      		CODE           	43A0	0000	40
		_lcd_init      		CODE           	3C86	0000	92
		_delay_cycles  		CODE           	422C	0000	52

lcd_x8.c estimated size: 498

C:\Program Files\Microchip\xc8\v2.41\pic\sources\c90\common\doprnt.c
		_scale         		CODE           	16A4	0000	876
		_sprintf       		CODE           	0012	0000	2918
		_fround        		CODE           	21EE	0000	488

C:\Program Files\Microchip\xc8\v2.41\pic\sources\c90\common\doprnt.c estimated size: 4282

C:\Program Files\Microchip\xc8\v2.41\pic\sources\c90\common\awmod.c
		___awmod       		CODE           	39AC	0000	112

C:\Program Files\Microchip\xc8\v2.41\pic\sources\c90\common\awmod.c estimated size: 112

C:\Program Files\Microchip\xc8\v2.41\pic\sources\c90\common\lltoft.c
		___lltoft      		CODE           	3C2A	0000	92

C:\Program Files\Microchip\xc8\v2.41\pic\sources\c90\common\lltoft.c estimated size: 92

C:\Program Files\Microchip\xc8\v2.41\pic\sources\c90\common\llmod.c
		___llmod       		CODE           	3AF6	0000	104

C:\Program Files\Microchip\xc8\v2.41\pic\sources\c90\common\llmod.c estimated size: 104

